Component: Arm Compiler for Embedded 6.21 Tool: armlink [5ec1fa00]

==============================================================================

Section Cross References

    startup_stm32f405xx.o(STACK) refers (Special) to heapauxi.o(.text) for __use_two_region_memory
    startup_stm32f405xx.o(HEAP) refers (Special) to heapauxi.o(.text) for __use_two_region_memory
    startup_stm32f405xx.o(RESET) refers (Special) to heapauxi.o(.text) for __use_two_region_memory
    startup_stm32f405xx.o(RESET) refers to startup_stm32f405xx.o(STACK) for __initial_sp
    startup_stm32f405xx.o(RESET) refers to startup_stm32f405xx.o(.text) for Reset_Handler
    startup_stm32f405xx.o(RESET) refers to stm32f4xx_it.o(.text.NMI_Handler) for NMI_Handler
    startup_stm32f405xx.o(RESET) refers to stm32f4xx_it.o(.text.HardFault_Handler) for HardFault_Handler
    startup_stm32f405xx.o(RESET) refers to stm32f4xx_it.o(.text.MemManage_Handler) for MemManage_Handler
    startup_stm32f405xx.o(RESET) refers to stm32f4xx_it.o(.text.BusFault_Handler) for BusFault_Handler
    startup_stm32f405xx.o(RESET) refers to stm32f4xx_it.o(.text.UsageFault_Handler) for UsageFault_Handler
    startup_stm32f405xx.o(RESET) refers to stm32f4xx_it.o(.text.SVC_Handler) for SVC_Handler
    startup_stm32f405xx.o(RESET) refers to stm32f4xx_it.o(.text.DebugMon_Handler) for DebugMon_Handler
    startup_stm32f405xx.o(RESET) refers to stm32f4xx_it.o(.text.PendSV_Handler) for PendSV_Handler
    startup_stm32f405xx.o(RESET) refers to stm32f4xx_it.o(.text.SysTick_Handler) for SysTick_Handler
    startup_stm32f405xx.o(RESET) refers to stm32f4xx_it.o(.text.DMA1_Stream0_IRQHandler) for DMA1_Stream0_IRQHandler
    startup_stm32f405xx.o(RESET) refers to stm32f4xx_it.o(.text.DMA1_Stream1_IRQHandler) for DMA1_Stream1_IRQHandler
    startup_stm32f405xx.o(RESET) refers to stm32f4xx_it.o(.text.DMA1_Stream2_IRQHandler) for DMA1_Stream2_IRQHandler
    startup_stm32f405xx.o(RESET) refers to stm32f4xx_it.o(.text.DMA1_Stream3_IRQHandler) for DMA1_Stream3_IRQHandler
    startup_stm32f405xx.o(RESET) refers to stm32f4xx_it.o(.text.DMA1_Stream6_IRQHandler) for DMA1_Stream6_IRQHandler
    startup_stm32f405xx.o(RESET) refers to stm32f4xx_it.o(.text.CAN1_RX0_IRQHandler) for CAN1_RX0_IRQHandler
    startup_stm32f405xx.o(RESET) refers to stm32f4xx_it.o(.text.TIM1_BRK_TIM9_IRQHandler) for TIM1_BRK_TIM9_IRQHandler
    startup_stm32f405xx.o(RESET) refers to stm32f4xx_it.o(.text.TIM1_UP_TIM10_IRQHandler) for TIM1_UP_TIM10_IRQHandler
    startup_stm32f405xx.o(RESET) refers to stm32f4xx_it.o(.text.TIM4_IRQHandler) for TIM4_IRQHandler
    startup_stm32f405xx.o(RESET) refers to stm32f4xx_it.o(.text.USART1_IRQHandler) for USART1_IRQHandler
    startup_stm32f405xx.o(RESET) refers to stm32f4xx_it.o(.text.USART3_IRQHandler) for USART3_IRQHandler
    startup_stm32f405xx.o(RESET) refers to stm32f4xx_it.o(.text.TIM8_BRK_TIM12_IRQHandler) for TIM8_BRK_TIM12_IRQHandler
    startup_stm32f405xx.o(RESET) refers to stm32f4xx_it.o(.text.TIM8_UP_TIM13_IRQHandler) for TIM8_UP_TIM13_IRQHandler
    startup_stm32f405xx.o(RESET) refers to stm32f4xx_it.o(.text.DMA1_Stream7_IRQHandler) for DMA1_Stream7_IRQHandler
    startup_stm32f405xx.o(RESET) refers to stm32f4xx_it.o(.text.TIM5_IRQHandler) for TIM5_IRQHandler
    startup_stm32f405xx.o(RESET) refers to stm32f4xx_it.o(.text.UART4_IRQHandler) for UART4_IRQHandler
    startup_stm32f405xx.o(RESET) refers to stm32f4xx_it.o(.text.UART5_IRQHandler) for UART5_IRQHandler
    startup_stm32f405xx.o(RESET) refers to stm32f4xx_it.o(.text.TIM6_DAC_IRQHandler) for TIM6_DAC_IRQHandler
    startup_stm32f405xx.o(RESET) refers to stm32f4xx_it.o(.text.TIM7_IRQHandler) for TIM7_IRQHandler
    startup_stm32f405xx.o(RESET) refers to stm32f4xx_it.o(.text.DMA2_Stream1_IRQHandler) for DMA2_Stream1_IRQHandler
    startup_stm32f405xx.o(RESET) refers to stm32f4xx_it.o(.text.CAN2_RX1_IRQHandler) for CAN2_RX1_IRQHandler
    startup_stm32f405xx.o(RESET) refers to stm32f4xx_it.o(.text.USART6_IRQHandler) for USART6_IRQHandler
    startup_stm32f405xx.o(.text) refers (Special) to heapauxi.o(.text) for __use_two_region_memory
    startup_stm32f405xx.o(.text) refers to system_stm32f4xx.o(.text.SystemInit) for SystemInit
    startup_stm32f405xx.o(.text) refers to __main.o(!!!main) for __main
    startup_stm32f405xx.o(.text) refers to startup_stm32f405xx.o(HEAP) for Heap_Mem
    startup_stm32f405xx.o(.text) refers to startup_stm32f405xx.o(STACK) for Stack_Mem
    example_data.o(.ARM.exidx.text.print_raw_data) refers to example_data.o(.text.print_raw_data) for [Anonymous Symbol]
    example_data.o(.text.process_example_data) refers to example_data.o(.rodata..L__const.process_example_data.example_data_hi91) for .L__const.process_example_data.example_data_hi91
    example_data.o(.text.process_example_data) refers to rt_memcpy_v6.o(.text) for __aeabi_memcpy
[...]
    0x08006c80   0x08006c80   0x000001de   Code   RO         1902    .text.HAL_UART_Abort_IT  stm32f4xx_hal_uart.o
    0x08006e5e   0x08006e5e   0x00000002   PAD
    0x08006e60   0x08006e60   0x000000cc   Code   RO         1882    .text.HAL_UART_DMAStop  stm32f4xx_hal_uart.o
    0x08006f2c   0x08006f2c   0x00000008   Code   RO         1928    .text.HAL_UART_ErrorCallback  stm32f4xx_hal_uart.o
    0x08006f34   0x08006f34   0x0000045c   Code   RO         1922    .text.HAL_UART_IRQHandler  stm32f4xx_hal_uart.o
    0x08007390   0x08007390   0x0000009e   Code   RO         1838    .text.HAL_UART_Init  stm32f4xx_hal_uart.o
    0x0800742e   0x0800742e   0x00000002   PAD
    0x08007430   0x08007430   0x000004e0   Code   RO          732    .text.HAL_UART_MspInit  usart.o
    0x08007910   0x08007910   0x00000056   Code   RO         1874    .text.HAL_UART_Receive_DMA  stm32f4xx_hal_uart.o
    0x08007966   0x08007966   0x00000002   PAD
    0x08007968   0x08007968   0x00000008   Code   RO         1940    .text.HAL_UART_RxCpltCallback  stm32f4xx_hal_uart.o
    0x08007970   0x08007970   0x00000008   Code   RO         1942    .text.HAL_UART_RxHalfCpltCallback  stm32f4xx_hal_uart.o
    0x08007978   0x08007978   0x00000130   Code   RO         1854    .text.HAL_UART_Transmit  stm32f4xx_hal_uart.o
    0x08007aa8   0x08007aa8   0x000000fc   Code   RO         1866    .text.HAL_UART_Transmit_DMA  stm32f4xx_hal_uart.o
    0x08007ba4   0x08007ba4   0x00000034   Code   RO          761    .text.HAL_UART_TxCpltCallback  stm32f4xx_it.o
    0x08007bd8   0x08007bd8   0x00000008   Code   RO         1938    .text.HAL_UART_TxHalfCpltCallback  stm32f4xx_hal_uart.o
    0x08007be0   0x08007be0   0x00000004   Code   RO          765    .text.HardFault_Handler  stm32f4xx_it.o
    0x08007be4   0x08007be4   0x00000004   PAD
    0x08007be8   0x08007be8   0x000003a4   Code   RO           28    .text.Hipnuc_Analyse_Speed  hipnuc_dec.o
    0x08007f8c   0x08007f8c   0x00000180   Code   RO           42    .text.IMU_UART_IRQHandler  hipnuc_dec.o
    0x0800810c   0x0800810c   0x00000044   Code   RO           30    .text.IMU_UART_Init  hipnuc_dec.o
    0x08008150   0x08008150   0x0000004e   Code   RO          637    .text.MX_CAN1_Init  can.o
    0x0800819e   0x0800819e   0x00000002   PAD
    0x080081a0   0x080081a0   0x0000004e   Code   RO          639    .text.MX_CAN2_Init  can.o
    0x080081ee   0x080081ee   0x00000002   PAD
    0x080081f0   0x080081f0   0x000000cc   Code   RO          655    .text.MX_DMA_Init   dma.o
    0x080082bc   0x080082bc   0x00000136   Code   RO          629    .text.MX_GPIO_Init  gpio.o
    0x080083f2   0x080083f2   0x00000002   PAD
    0x080083f4   0x080083f4   0x0000004e   Code   RO          663    .text.MX_SPI1_Init  spi.o
    0x08008442   0x08008442   0x00000002   PAD
    0x08008444   0x08008444   0x00000034   Code   RO          695    .text.MX_TIM11_Init  tim.o
    0x08008478   0x08008478   0x00000060   Code   RO          697    .text.MX_TIM12_Init  tim.o
    0x080084d8   0x080084d8   0x00000138   Code   RO          677    .text.MX_TIM1_Init  tim.o
    0x08008610   0x08008610   0x000000d6   Code   RO          681    .text.MX_TIM3_Init  tim.o
    0x080086e6   0x080086e6   0x00000002   PAD
    0x080086e8   0x080086e8   0x000000d6   Code   RO          683    .text.MX_TIM4_Init  tim.o
    0x080087be   0x080087be   0x00000002   PAD
    0x080087c0   0x080087c0   0x00000084   Code   RO          685    .text.MX_TIM5_Init  tim.o
    0x08008844   0x08008844   0x0000005c   Code   RO          687    .text.MX_TIM6_Init  tim.o
    0x080088a0   0x080088a0   0x0000005c   Code   RO          689    .text.MX_TIM7_Init  tim.o
    0x080088fc   0x080088fc   0x0000008a   Code   RO          691    .text.MX_TIM8_Init  tim.o
    0x08008986   0x08008986   0x00000002   PAD
    0x08008988   0x08008988   0x00000060   Code   RO          693    .text.MX_TIM9_Init  tim.o
    0x080089e8   0x080089e8   0x00000040   Code   RO          722    .text.MX_UART4_Init  usart.o
    0x08008a28   0x08008a28   0x00000048   Code   RO          724    .text.MX_UART5_Init  usart.o
    0x08008a70   0x08008a70   0x00000040   Code   RO          726    .text.MX_USART1_UART_Init  usart.o
    0x08008ab0   0x08008ab0   0x00000040   Code   RO          728    .text.MX_USART3_UART_Init  usart.o
    0x08008af0   0x08008af0   0x00000040   Code   RO          730    .text.MX_USART6_UART_Init  usart.o
    0x08008b30   0x08008b30   0x00000004   Code   RO          767    .text.MemManage_Handler  stm32f4xx_it.o
    0x08008b34   0x08008b34   0x000000c0   Code   RO         2369    .text.Mini_PC_SendData_ZM2  communication.o
    0x08008bf4   0x08008bf4   0x00000026   Code   RO         2365    .text.Mini_PC_UART_Init  communication.o
    0x08008c1a   0x08008c1a   0x00000002   PAD
    0x08008c1c   0x08008c1c   0x00000004   Code   RO          763    .text.NMI_Handler   stm32f4xx_it.o
    0x08008c20   0x08008c20   0x0000006c   Code   RO         1229    .text.NVIC_EncodePriority  stm32f4xx_hal_cortex.o
    0x08008c8c   0x08008c8c   0x00000002   Code   RO          777    .text.PendSV_Handler  stm32f4xx_it.o
    0x08008c8e   0x08008c8e   0x00000002   PAD
    0x08008c90   0x08008c90   0x00000012   Code   RO           62    .text.R4            hipnuc_dec.o
    0x08008ca2   0x08008ca2   0x00000002   PAD
    0x08008ca4   0x08008ca4   0x000000e4   Code   RO         1401    .text.SPI_EndRxTransaction  stm32f4xx_hal_spi.o
    0x08008d88   0x08008d88   0x000000cc   Code   RO         1395    .text.SPI_EndRxTxTransaction  stm32f4xx_hal_spi.o
    0x08008e54   0x08008e54   0x0000012c   Code   RO         1493    .text.SPI_WaitFlagStateUntilTimeout  stm32f4xx_hal_spi.o
    0x08008f80   0x08008f80   0x00000002   Code   RO          773    .text.SVC_Handler   stm32f4xx_it.o
    0x08008f82   0x08008f82   0x00000002   PAD
    0x08008f84   0x08008f84   0x00000052   Code   RO         1245    .text.SysTick_Config  stm32f4xx_hal_cortex.o
    0x08008fd6   0x08008fd6   0x00000002   PAD
    0x08008fd8   0x08008fd8   0x00000008   Code   RO          779    .text.SysTick_Handler  stm32f4xx_it.o
    0x08008fe0   0x08008fe0   0x00000012   Code   RO         1969    .text.SystemInit    system_stm32f4xx.o
    0x08008ff2   0x08008ff2   0x00000002   PAD
    0x08008ff4   0x08008ff4   0x0000001c   Code   RO          793    .text.TIM1_BRK_TIM9_IRQHandler  stm32f4xx_it.o
    0x08009010   0x08009010   0x00000010   Code   RO          795    .text.TIM1_UP_TIM10_IRQHandler  stm32f4xx_it.o
    0x08009020   0x08009020   0x00000010   Code   RO          797    .text.TIM4_IRQHandler  stm32f4xx_it.o
    0x08009030   0x08009030   0x00000010   Code   RO          809    .text.TIM5_IRQHandler  stm32f4xx_it.o
    0x08009040   0x08009040   0x00000010   Code   RO          815    .text.TIM6_DAC_IRQHandler  stm32f4xx_it.o
    0x08009050   0x08009050   0x00000010   Code   RO          817    .text.TIM7_IRQHandler  stm32f4xx_it.o
    0x08009060   0x08009060   0x0000001c   Code   RO          803    .text.TIM8_BRK_TIM12_IRQHandler  stm32f4xx_it.o
    0x0800907c   0x0800907c   0x00000010   Code   RO          805    .text.TIM8_UP_TIM13_IRQHandler  stm32f4xx_it.o
    0x0800908c   0x0800908c   0x000001a4   Code   RO         1506    .text.TIM_Base_SetConfig  stm32f4xx_hal_tim.o
    0x08009230   0x08009230   0x00000036   Code   RO         1540    .text.TIM_CCxChannelCmd  stm32f4xx_hal_tim.o
    0x08009266   0x08009266   0x00000002   PAD
    0x08009268   0x08009268   0x000000bc   Code   RO         1550    .text.TIM_DMADelayPulseCplt  stm32f4xx_hal_tim.o
    0x08009324   0x08009324   0x00000074   Code   RO         1552    .text.TIM_DMADelayPulseHalfCplt  stm32f4xx_hal_tim.o
    0x08009398   0x08009398   0x0000009a   Code   RO         1526    .text.TIM_DMAError  stm32f4xx_hal_tim.o
    0x08009432   0x08009432   0x00000002   PAD
    0x08009434   0x08009434   0x00000034   Code   RO         1692    .text.TIM_ETR_SetConfig  stm32f4xx_hal_tim.o
    0x08009468   0x08009468   0x0000002a   Code   RO         1698    .text.TIM_ITRx_SetConfig  stm32f4xx_hal_tim.o
    0x08009492   0x08009492   0x00000002   PAD
    0x08009494   0x08009494   0x000000ea   Code   RO         1650    .text.TIM_OC1_SetConfig  stm32f4xx_hal_tim.o
    0x0800957e   0x0800957e   0x00000002   PAD
    0x08009580   0x08009580   0x000000f4   Code   RO         1652    .text.TIM_OC2_SetConfig  stm32f4xx_hal_tim.o
    0x08009674   0x08009674   0x000000f2   Code   RO         1654    .text.TIM_OC3_SetConfig  stm32f4xx_hal_tim.o
    0x08009766   0x08009766   0x00000002   PAD
    0x08009768   0x08009768   0x000000a4   Code   RO         1656    .text.TIM_OC4_SetConfig  stm32f4xx_hal_tim.o
    0x0800980c   0x0800980c   0x00000050   Code   RO         1696    .text.TIM_TI1_ConfigInputStage  stm32f4xx_hal_tim.o
    0x0800985c   0x0800985c   0x00000052   Code   RO         1700    .text.TIM_TI2_ConfigInputStage  stm32f4xx_hal_tim.o
    0x080098ae   0x080098ae   0x00000002   PAD
    0x080098b0   0x080098b0   0x0000002a   Code   RO          759    .text.TX_VD_Deal    stm32f4xx_it.o
    0x080098da   0x080098da   0x00000002   PAD
    0x080098dc   0x080098dc   0x00000014   Code   RO           50    .text.U2            hipnuc_dec.o
    0x080098f0   0x080098f0   0x00000010   Code   RO           60    .text.U4            hipnuc_dec.o
    0x08009900   0x08009900   0x00000020   Code   RO          811    .text.UART4_IRQHandler  stm32f4xx_it.o
    0x08009920   0x08009920   0x0000001c   Code   RO          813    .text.UART5_IRQHandler  stm32f4xx_it.o
    0x0800993c   0x0800993c   0x0000001c   Code   RO         1926    .text.UART_DMAAbortOnError  stm32f4xx_hal_uart.o
    0x08009958   0x08009958   0x0000007c   Code   RO         1872    .text.UART_DMAError  stm32f4xx_hal_uart.o
    0x080099d4   0x080099d4   0x000000f4   Code   RO         1958    .text.UART_DMAReceiveCplt  stm32f4xx_hal_uart.o
    0x08009ac8   0x08009ac8   0x00000056   Code   RO         1906    .text.UART_DMARxAbortCallback  stm32f4xx_hal_uart.o
    0x08009b1e   0x08009b1e   0x00000002   PAD
    0x08009b20   0x08009b20   0x00000034   Code   RO         1960    .text.UART_DMARxHalfCplt  stm32f4xx_hal_uart.o
    0x08009b54   0x08009b54   0x0000007a   Code   RO         1868    .text.UART_DMATransmitCplt  stm32f4xx_hal_uart.o
    0x08009bce   0x08009bce   0x00000002   PAD
    0x08009bd0   0x08009bd0   0x00000056   Code   RO         1904    .text.UART_DMATxAbortCallback  stm32f4xx_hal_uart.o
    0x08009c26   0x08009c26   0x00000002   PAD
    0x08009c28   0x08009c28   0x00000016   Code   RO         1870    .text.UART_DMATxHalfCplt  stm32f4xx_hal_uart.o
    0x08009c3e   0x08009c3e   0x00000002   PAD
    0x08009c40   0x08009c40   0x00000094   Code   RO         1886    .text.UART_EndRxTransfer  stm32f4xx_hal_uart.o
    0x08009cd4   0x08009cd4   0x00000026   Code   RO         1934    .text.UART_EndTransmit_IT  stm32f4xx_hal_uart.o
    0x08009cfa   0x08009cfa   0x00000002   PAD
    0x08009cfc   0x08009cfc   0x00000036   Code   RO         1884    .text.UART_EndTxTransfer  stm32f4xx_hal_uart.o
    0x08009d32   0x08009d32   0x00000002   PAD
    0x08009d34   0x08009d34   0x00000168   Code   RO         1924    .text.UART_Receive_IT  stm32f4xx_hal_uart.o
    0x08009e9c   0x08009e9c   0x0000013a   Code   RO         1842    .text.UART_SetConfig  stm32f4xx_hal_uart.o
    0x08009fd6   0x08009fd6   0x00000002   PAD
    0x08009fd8   0x08009fd8   0x00000130   Code   RO         1876    .text.UART_Start_Receive_DMA  stm32f4xx_hal_uart.o
    0x0800a108   0x0800a108   0x00000094   Code   RO         1932    .text.UART_Transmit_IT  stm32f4xx_hal_uart.o
    0x0800a19c   0x0800a19c   0x000000da   Code   RO         1856    .text.UART_WaitOnFlagUntilTimeout  stm32f4xx_hal_uart.o
    0x0800a276   0x0800a276   0x00000002   PAD
    0x0800a278   0x0800a278   0x00000010   Code   RO          799    .text.USART1_IRQHandler  stm32f4xx_it.o
    0x0800a288   0x0800a288   0x0000001c   Code   RO          801    .text.USART3_IRQHandler  stm32f4xx_it.o
    0x0800a2a4   0x0800a2a4   0x0000005e   Code   RO          823    .text.USART6_IRQHandler  stm32f4xx_it.o
    0x0800a302   0x0800a302   0x00000002   PAD
    0x0800a304   0x0800a304   0x00000004   Code   RO          771    .text.UsageFault_Handler  stm32f4xx_it.o
    0x0800a308   0x0800a308   0x000000d4   Code   RO           32    .text.Yaw_Continuous_Update  hipnuc_dec.o
    0x0800a3dc   0x0800a3dc   0x00000008   Code   RO         2289    .text._GLOBAL__sub_I_RM_Lib.cpp  rm_lib.o
    0x0800a3e4   0x0800a3e4   0x00000008   Code   RO         2385    .text._GLOBAL__sub_I_communication.c  communication.o
    0x0800a3ec   0x0800a3ec   0x000000bc   Code   RO          284    .text._GLOBAL__sub_I_main.c  main.o
    0x0800a4a8   0x0800a4a8   0x00000008   Code   RO         2478    .text._GLOBAL__sub_I_my_math.c  my_math.o
    0x0800a4b0   0x0800a4b0   0x00000008   Code   RO         2580    .text._GLOBAL__sub_I_rgb_debug.cpp  rgb_debug.o
    0x0800a4b8   0x0800a4b8   0x00000008   Code   RO          825    .text._GLOBAL__sub_I_stm32f4xx_it.c  stm32f4xx_it.o
    0x0800a4c0   0x0800a4c0   0x0000001c   Code   RO          258    .text._Z10Laser_deal13GPIO_PinState  main.o
    0x0800a4dc   0x0800a4dc   0x0000000c   Code   RO          262    .text._Z10ZM_Controlv  main.o
    0x0800a4e8   0x0800a4e8   0x000001a8   Code   RO          234    .text._Z11PITCH_Logicv  main.o
    0x0800a690   0x0800a690   0x000005f0   Code   RO          230    .text._Z12YAW_PID_Calcv  main.o
    0x0800ac80   0x0800ac80   0x00000428   Code   RO          238    .text._Z14PITCH_PID_Calcv  main.o
    0x0800b0a8   0x0800b0a8   0x0000005e   Code   RO         2558    .text._Z14RGB_Debug_InitP18RGB_Debug_Config_t  rgb_debug.o
    0x0800b106   0x0800b106   0x00000002   PAD
    0x0800b108   0x0800b108   0x0000004c   Code   RO          222    .text._Z14TIM12_Callbackv  main.o
    0x0800b154   0x0800b154   0x000002d2   Code   RO          268    .text._Z15RGB_Debug_Setupv  main.o
    0x0800b426   0x0800b426   0x00000002   PAD
    0x0800b428   0x0800b428   0x000000a0   Code   RO          242    .text._Z15YAW_Turn_Handlev  main.o
    0x0800b4c8   0x0800b4c8   0x0000017a   Code   RO         2564    .text._Z16RGB_Debug_Updatev  rgb_debug.o
    0x0800b642   0x0800b642   0x00000002   PAD
    0x0800b644   0x0800b644   0x00000020   Code   RO          244    .text._Z16Servo_PWM_Outputv  main.o
    0x0800b664   0x0800b664   0x000000ac   Code   RO          232    .text._Z16YAW_Angle_Updatev  main.o
    0x0800b710   0x0800b710   0x000000f2   Code   RO          226    .text._Z17Telescope_Get_PWMv  main.o
    0x0800b802   0x0800b802   0x00000002   PAD
    0x0800b804   0x0800b804   0x00000010   Code   RO          240    .text._Z18PITCH_Angle_Updatev  main.o
    0x0800b814   0x0800b814   0x000000e2   Code   RO         2570    .text._Z18RGB_Control_Updatev  rgb_debug.o
    0x0800b8f6   0x0800b8f6   0x00000002   PAD
    0x0800b8f8   0x0800b8f8   0x000000ba   Code   RO          274    .text._Z18SystemClock_Configv  main.o
    0x0800b9b2   0x0800b9b2   0x00000002   PAD
    0x0800b9b4   0x0800b9b4   0x00000082   Code   RO         2560    .text._Z19RGB_Debug_Clear_Allv  rgb_debug.o
    0x0800ba36   0x0800ba36   0x00000002   PAD
    0x0800ba38   0x0800ba38   0x0000004a   Code   RO         2568    .text._Z19RGB_Debug_Clear_LEDh  rgb_debug.o
    0x0800ba82   0x0800ba82   0x00000002   PAD
    0x0800ba84   0x0800ba84   0x00000196   Code   RO         2566    .text._Z19RGB_Debug_Set_Blinkhh  rgb_debug.o
    0x0800bc1a   0x0800bc1a   0x00000002   PAD
    0x0800bc1c   0x0800bc1c   0x000002c4   Code   RO          220    .text._Z20Communication_boardsv  main.o
    0x0800bee0   0x0800bee0   0x00000052   Code   RO          250    .text._Z20Deploy_Timeout_Checkv  main.o
    0x0800bf32   0x0800bf32   0x00000002   PAD
    0x0800bf34   0x0800bf34   0x000005cc   Code   RO          246    .text._Z21Keyboard_Special_Funcv  main.o
    0x0800c500   0x0800c500   0x000002fc   Code   RO          218    .text._Z21Mini_Pitch_2006_Logicv  main.o
    0x0800c7fc   0x0800c7fc   0x00000084   Code   RO          266    .text._Z22RGB_LED4_Zimiao_Updatev  main.o
    0x0800c880   0x0800c880   0x00000080   Code   RO          260    .text._Z22ZM_Protect_Mode_Handlev  main.o
    0x0800c900   0x0800c900   0x00000048   Code   RO          248    .text._Z23Mini_PITCH_Mouse_Adjustv  main.o
    0x0800c948   0x0800c948   0x00000068   Code   RO          236    .text._Z26PITCH_Gravity_Compensationf  main.o
    0x0800c9b0   0x0800c9b0   0x0000005a   Code   RO         2576    .text._Z29RGB_Control_Register_Function17Function_Status_t  rgb_debug.o
    0x0800ca0a   0x0800ca0a   0x00000002   PAD
    0x0800ca0c   0x0800ca0c   0x000001e2   Code   RO          210    .text._Z30MYMODE_while_application_layerv  main.o
    0x0800cbee   0x0800cbee   0x00000002   PAD
    0x0800cbf0   0x0800cbf0   0x00000014   Code   RO         2578    .text._Z34RGB_Control_Register_LED4_CallbackPFvvE  rgb_debug.o
    0x0800cc04   0x0800cc04   0x00000012   Code   RO          614    .text._Z3absB7v180000f  main.o
    0x0800cc16   0x0800cc16   0x00000002   PAD
    0x0800cc18   0x0800cc18   0x000001d2   Code   RO          252    .text._Z5Resetv     main.o
    0x0800cdea   0x0800cdea   0x00000002   PAD
    0x0800cdec   0x0800cdec   0x000000c0   Code   RO          208    .text._Z6I_slowPiiffiPf  main.o
    0x0800ceac   0x0800ceac   0x000001c8   Code   RO          757    .text._Z6VD_2rxP19__DMA_HandleTypeDef  stm32f4xx_it.o
    0x0800d074   0x0800d074   0x0000005a   Code   RO         2241    .text._Z7inVSqrtf   rm_lib.o
    0x0800d0ce   0x0800d0ce   0x00000002   PAD
    0x0800d0d0   0x0800d0d0   0x00000364   Code   RO          214    .text._Z8BP_Logich  main.o
    0x0800d434   0x0800d434   0x000000d0   Code   RO          206    .text._Z8I16_slowPssffsPf  main.o
    0x0800d504   0x0800d504   0x00000484   Code   RO          256    .text._Z8ZM_Checkv  main.o
    0x0800d988   0x0800d988   0x000000a8   Code   RO          216    .text._Z9BP_KD_TIMv  main.o
    0x0800da30   0x0800da30   0x0000054c   Code   RO          212    .text._Z9MCL_Logicv  main.o
    0x0800df7c   0x0800df7c   0x00000244   Code   RO          228    .text._Z9YAW_Logicv  main.o
    0x0800e1c0   0x0800e1c0   0x00000026   Code   RO          254    .text._ZL18__NVIC_SystemResetv  main.o
    0x0800e1e6   0x0800e1e6   0x00000002   PAD
    0x0800e1e8   0x0800e1e8   0x0000005a   Code   RO         2257    .text._ZN10Vision_LPF22Vision_Low_Pass_FilterEf  rm_lib.o
    0x0800e242   0x0800e242   0x00000002   PAD
    0x0800e244   0x0800e244   0x000000a6   Code   RO         2255    .text._ZN10Vision_LPF27Vision_Low_Pass_Filter_InitEv  rm_lib.o
    0x0800e2ea   0x0800e2ea   0x00000002   PAD
    0x0800e2ec   0x0800e2ec   0x00000026   Code   RO          602    .text._ZN10Vision_LPFC2Efff  main.o
    0x0800e312   0x0800e312   0x00000002   PAD
    0x0800e314   0x0800e314   0x00000010   Code   RO          618    .text._ZN13Anti_top_DataC2Ev  main.o
    0x0800e324   0x0800e324   0x00000060   Code   RO          616    .text._ZN18UpDown_check_class6updataEb  main.o
    0x0800e384   0x0800e384   0x00000018   Code   RO          612    .text._ZN18UpDown_check_classC2Eb  main.o
    0x0800e39c   0x0800e39c   0x0000003e   Code   RO          622    .text._ZN2RC11YK_set_zeroEv  main.o
    0x0800e3da   0x0800e3da   0x00000002   PAD
    0x0800e3dc   0x0800e3dc   0x0000003a   Code   RO         2187    .text._ZN2RC12VT13_YK_dealEv  rm_lib.o
    0x0800e416   0x0800e416   0x00000002   PAD
    0x0800e418   0x0800e418   0x00000042   Code   RO         2169    .text._ZN2RC13DT16_set_zeroEv  rm_lib.o
    0x0800e45a   0x0800e45a   0x00000002   PAD
    0x0800e45c   0x0800e45c   0x00000030   Code   RO         2199    .text._ZN2RC13Pressed_CheckEt  rm_lib.o
    0x0800e48c   0x0800e48c   0x000000c8   Code   RO         2183    .text._ZN2RC14DT16_data_dealEv  rm_lib.o
    0x0800e554   0x0800e554   0x00000140   Code   RO         2191    .text._ZN2RC14VT13_data_dealEv  rm_lib.o
    0x0800e694   0x0800e694   0x0000005a   Code   RO         2175    .text._ZN2RC16VT13_YK_set_zeroEv  rm_lib.o
    0x0800e6ee   0x0800e6ee   0x00000002   PAD
    0x0800e6f0   0x0800e6f0   0x0000004a   Code   RO         2167    .text._ZN2RC17DT16_watchdog_runEv  rm_lib.o
    0x0800e73a   0x0800e73a   0x00000002   PAD
    0x0800e73c   0x0800e73c   0x00000044   Code   RO         2173    .text._ZN2RC17VT13_watchdog_runEv  rm_lib.o
    0x0800e780   0x0800e780   0x00000010   Code   RO         2333    .text._ZN2RC18DT16_feed_watchdogEv  rm_lib.o
    0x0800e790   0x0800e790   0x00000010   Code   RO         2335    .text._ZN2RC18VT13_feed_watchdogEv  rm_lib.o
    0x0800e7a0   0x0800e7a0   0x00000058   Code   RO         2181    .text._ZN2RC19DT16_check_and_dealEv  rm_lib.o
    0x0800e7f8   0x0800e7f8   0x00000036   Code   RO         2189    .text._ZN2RC19VT13_check_and_dealEv  rm_lib.o
    0x0800e82e   0x0800e82e   0x00000002   PAD
    0x0800e830   0x0800e830   0x0000015a   Code   RO         2195    .text._ZN2RC19VT13_self_ctrl_dealEv  rm_lib.o
    0x0800e98a   0x0800e98a   0x00000002   PAD
    0x0800e98c   0x0800e98c   0x00000014   Code   RO         2337    .text._ZN2RC21memset_VT13_rx_bufferEv  rm_lib.o
    0x0800e9a0   0x0800e9a0   0x00000014   Code   RO         2331    .text._ZN2RC21memset_dr16_rx_bufferEv  rm_lib.o
    0x0800e9b4   0x0800e9b4   0x00000088   Code   RO         2179    .text._ZN2RC22DT16_RxCplt_IRQHandlerEv  rm_lib.o
    0x0800ea3c   0x0800ea3c   0x0000006a   Code   RO         2185    .text._ZN2RC22VT13_RxCplt_IRQHandlerEv  rm_lib.o
    0x0800eaa6   0x0800eaa6   0x00000002   PAD
    0x0800eaa8   0x0800eaa8   0x00000016   Code   RO         2193    .text._ZN2RC24VT13_UART_Receive_enableEv  rm_lib.o
    0x0800eabe   0x0800eabe   0x00000002   PAD
    0x0800eac0   0x0800eac0   0x000000ba   Code   RO          620    .text._ZN2RC7YK_ctrlEv  main.o
    0x0800eb7a   0x0800eb7a   0x00000002   PAD
    0x0800eb7c   0x0800eb7c   0x00000048   Code   RO         2171    .text._ZN2RC9DT16_InitEv  rm_lib.o
    0x0800ebc4   0x0800ebc4   0x0000003c   Code   RO         2177    .text._ZN2RC9VT13_InitEv  rm_lib.o
    0x0800ec00   0x0800ec00   0x0000006e   Code   RO          624    .text._ZN2RC9dt16_ctrlEv  main.o
    0x0800ec6e   0x0800ec6e   0x00000002   PAD
    0x0800ec70   0x0800ec70   0x00000088   Code   RO          626    .text._ZN2RC9vt13_ctrlEv  main.o
    0x0800ecf8   0x0800ecf8   0x0000019c   Code   RO          606    .text._ZN2RCC2EP20__UART_HandleTypeDefS1_  main.o
    0x0800ee94   0x0800ee94   0x00000022   Code   RO          116    .text._ZN3$_0C2Ev   main.o
    0x0800eeb6   0x0800eeb6   0x00000002   PAD
    0x0800eeb8   0x0800eeb8   0x00000022   Code   RO          755    .text._ZN3$_0C2Ev   stm32f4xx_it.o
    0x0800eeda   0x0800eeda   0x00000002   PAD
    0x0800eedc   0x0800eedc   0x00000022   Code   RO         1985    .text._ZN3$_0C2Ev   rm_lib.o
    0x0800eefe   0x0800eefe   0x00000002   PAD
    0x0800ef00   0x0800ef00   0x00000022   Code   RO         2357    .text._ZN3$_0C2Ev   communication.o
    0x0800ef22   0x0800ef22   0x00000002   PAD
    0x0800ef24   0x0800ef24   0x00000022   Code   RO         2410    .text._ZN3$_0C2Ev   my_math.o
    0x0800ef46   0x0800ef46   0x00000002   PAD
    0x0800ef48   0x0800ef48   0x00000022   Code   RO         2556    .text._ZN3$_0C2Ev   rgb_debug.o
    0x0800ef6a   0x0800ef6a   0x00000002   PAD
    0x0800ef6c   0x0800ef6c   0x00000434   Code   RO         2245    .text._ZN6BMI08811BMI088_AHRSEffffff  rm_lib.o
    0x0800f3a0   0x0800f3a0   0x00000200   Code   RO         2253    .text._ZN6BMI08813Analyse_speedEv  rm_lib.o
    0x0800f5a0   0x0800f5a0   0x0000001c   Code   RO         2345    .text._ZN6BMI08813BMI088_SPI_ONEP12GPIO_TypeDeft  rm_lib.o
    0x0800f5bc   0x0800f5bc   0x0000001c   Code   RO         2347    .text._ZN6BMI08814BMI088_SPI_OFFEP12GPIO_TypeDeft  rm_lib.o
    0x0800f5d8   0x0800f5d8   0x0000006c   Code   RO         2225    .text._ZN6BMI08815BMI088_read_AccEhhPh  rm_lib.o
    0x0800f644   0x0800f644   0x0000006a   Code   RO         2237    .text._ZN6BMI08815low_pass_filterEf  rm_lib.o
    0x0800f6ae   0x0800f6ae   0x00000002   PAD
    0x0800f6b0   0x0800f6b0   0x0000006a   Code   RO         2219    .text._ZN6BMI08816BMI088_readBytesEP12GPIO_TypeDefthhPh  rm_lib.o
    0x0800f71a   0x0800f71a   0x00000002   PAD
    0x0800f71c   0x0800f71c   0x00000032   Code   RO         2227    .text._ZN6BMI08816BMI088_read_GyroEhhPh  rm_lib.o
    0x0800f74e   0x0800f74e   0x00000002   PAD
    0x0800f750   0x0800f750   0x00000068   Code   RO         2217    .text._ZN6BMI08816BMI088_writeByteEP12GPIO_TypeDefthh  rm_lib.o
    0x0800f7b8   0x0800f7b8   0x0000002a   Code   RO         2221    .text._ZN6BMI08816BMI088_write_AccEhh  rm_lib.o
    0x0800f7e2   0x0800f7e2   0x00000002   PAD
    0x0800f7e4   0x0800f7e4   0x000002c8   Code   RO         2235    .text._ZN6BMI08817BMI088_New_updateEv  rm_lib.o
    0x0800faac   0x0800faac   0x0000002a   Code   RO         2223    .text._ZN6BMI08817BMI088_write_GyroEhh  rm_lib.o
    0x0800fad6   0x0800fad6   0x00000002   PAD
    0x0800fad8   0x0800fad8   0x0000017c   Code   RO         2247    .text._ZN6BMI08817QuatToEulerAnglesEv  rm_lib.o
    0x0800fc54   0x0800fc54   0x00000164   Code   RO         2249    .text._ZN6BMI08818BMI_CrossRound_errEv  rm_lib.o
    0x0800fdb8   0x0800fdb8   0x000000ac   Code   RO         2233    .text._ZN6BMI08820low_pass_filter_initEv  rm_lib.o
    0x0800fe64   0x0800fe64   0x000002de   Code   RO         2231    .text._ZN6BMI0884InitEv  rm_lib.o
    0x08010142   0x08010142   0x00000002   PAD
    0x08010144   0x08010144   0x0000003c   Code   RO         2251    .text._ZN6BMI0887analyseEv  rm_lib.o
    0x08010180   0x08010180   0x00000026   Code   RO         2229    .text._ZN6BMI0888set_zeroEv  rm_lib.o
    0x080101a6   0x080101a6   0x00000002   PAD
    0x080101a8   0x080101a8   0x000002d4   Code   RO         2243    .text._ZN6BMI0889getValuesEv  rm_lib.o
    0x0801047c   0x0801047c   0x000000be   Code   RO          604    .text._ZN6BMI088C2EP19__SPI_HandleTypeDefP17TIM_HandleTypeDefP12GPIO_TypeDeftS5_ttf23BMI088_GyroRangeTypeDef22BMI088_AccRangeTypeDefPKch  main.o
    0x0801053a   0x0801053a   0x00000002   PAD
    0x0801053c   0x0801053c   0x00000034   Code   RO         2279    .text._ZN6RGB_UI11RGB_UI_InitEv  rm_lib.o
    0x08010570   0x08010570   0x00000072   Code   RO         2277    .text._ZN6RGB_UI11WS_CloseAllEv  rm_lib.o
    0x080105e2   0x080105e2   0x00000002   PAD
    0x080105e4   0x080105e4   0x00000028   Code   RO         2283    .text._ZN6RGB_UI12WS281x_ColorEhhh  rm_lib.o
    0x0801060c   0x0801060c   0x0000008c   Code   RO         2287    .text._ZN6RGB_UI18WS281x_SetPixelRGBEthhh  rm_lib.o
    0x08010698   0x08010698   0x0000001a   Code   RO         2275    .text._ZN6RGB_UI7WS_LoadEv  rm_lib.o
    0x080106b2   0x080106b2   0x00000002   PAD
    0x080106b4   0x080106b4   0x0000001e   Code   RO          610    .text._ZN6RGB_UIC2EP17TIM_HandleTypeDefjPKc  main.o
    0x080106d2   0x080106d2   0x00000002   PAD
    0x080106d4   0x080106d4   0x00000068   Code   RO          847    .text._ZN7TuChuan18Data_ConcatenationEPhS0_tt  stm32f4xx_it.o
    0x0801073c   0x0801073c   0x00000046   Code   RO          853    .text._ZN7TuChuan18Get_CRC8_Check_SumEPhj  stm32f4xx_it.o
    0x08010782   0x08010782   0x00000002   PAD
    0x08010784   0x08010784   0x0000006a   Code   RO          855    .text._ZN7TuChuan19Get_CRC16_Check_SumEPhj  stm32f4xx_it.o
    0x080107ee   0x080107ee   0x00000002   PAD
    0x080107f0   0x080107f0   0x00000040   Code   RO          849    .text._ZN7TuChuan21Append_CRC8_Check_SumEPhj  stm32f4xx_it.o
    0x08010830   0x08010830   0x0000004e   Code   RO          851    .text._ZN7TuChuan22Append_CRC16_Check_SumEPhj  stm32f4xx_it.o
    0x0801087e   0x0801087e   0x00000002   PAD
    0x08010880   0x08010880   0x000000a8   Code   RO          608    .text._ZN7TuChuanC2EP20__UART_HandleTypeDefP19__DMA_HandleTypeDef  main.o
    0x08010928   0x08010928   0x0000006e   Code   RO         2053    .text._ZN8MOTOR_LK19LK_Broadcast_updateEv  rm_lib.o
    0x08010996   0x08010996   0x00000002   PAD
    0x08010998   0x08010998   0x0000007a   Code   RO         2057    .text._ZN8MOTOR_LK35update_65535mang_inf_basic_zeromangEv  rm_lib.o
    0x08010a12   0x08010a12   0x00000002   PAD
    0x08010a14   0x08010a14   0x00000028   Code   RO          598    .text._ZN8MOTOR_LKC2EtP8USER_CAN  main.o
    0x08010a3c   0x08010a3c   0x00000096   Code   RO         2013    .text._ZN8MOTOR_RM17NSQD_8192mang_infEv  rm_lib.o
    0x08010ad2   0x08010ad2   0x00000002   PAD
    0x08010ad4   0x08010ad4   0x00000066   Code   RO         2009    .text._ZN8MOTOR_RM6updateEv  rm_lib.o
    0x08010b3a   0x08010b3a   0x00000002   PAD
    0x08010b3c   0x08010b3c   0x0000001e   Code   RO          596    .text._ZN8MOTOR_RMC2EtP8USER_CAN  main.o
    0x08010b5a   0x08010b5a   0x00000002   PAD
    0x08010b5c   0x08010b5c   0x00000094   Code   RO         1993    .text._ZN8USER_CAN11STD_ID_SendEtPh  rm_lib.o
    0x08010bf0   0x08010bf0   0x0000008e   Code   RO         2051    .text._ZN8USER_CAN17Broadcast_Send_LKEssss  rm_lib.o
    0x08010c7e   0x08010c7e   0x00000002   PAD
    0x08010c80   0x08010c80   0x000000c2   Code   RO         1991    .text._ZN8USER_CAN4InitEtt  rm_lib.o
    0x08010d42   0x08010d42   0x00000002   PAD
    0x08010d44   0x08010d44   0x00000064   Code   RO         2007    .text._ZN8USER_CAN7ReceiveEj  rm_lib.o
    0x08010da8   0x08010da8   0x00000098   Code   RO         2005    .text._ZN8USER_CAN7Send_RMEtssss  rm_lib.o
    0x08010e40   0x08010e40   0x00000034   Code   RO          594    .text._ZN8USER_CANC2EP17CAN_HandleTypeDefj  main.o
    0x08010e74   0x08010e74   0x00000228   Code   RO         2137    .text._ZN9PID_class10PID_updateEff  rm_lib.o
    0x0801109c   0x0801109c   0x000002a6   Code   RO         2139    .text._ZN9PID_class13PID_update_LPEfff  rm_lib.o
    0x08011342   0x08011342   0x00000002   PAD
    0x08011344   0x08011344   0x00000036   Code   RO         2141    .text._ZN9PID_class15low_pass_filterEff  rm_lib.o
    0x0801137a   0x0801137a   0x00000002   PAD
    0x0801137c   0x0801137c   0x00000074   Code   RO          600    .text._ZN9PID_classC2Efffffffff  main.o
    0x080113f0   0x080113f0   0x00000014   Code   RO         2349    .text._ZNSt3__26__math4asinB7v180000Ef  rm_lib.o
    0x08011404   0x08011404   0x00000012   Code   RO         2325    .text._ZNSt3__26__math4fabsB7v180000Ef  rm_lib.o
    0x08011416   0x08011416   0x00000002   PAD
    0x08011418   0x08011418   0x0000001c   Code   RO         2321    .text._ZNSt3__26__math5atan2B7v180000Eff  rm_lib.o
    0x08011434   0x08011434   0x0000001a   Code   RO         2339    .text._ZNSt3__26__math5isnanB7v180000Ef  rm_lib.o
    0x0801144e   0x0801144e   0x00000002   PAD
    0x08011450   0x08011450   0x00000030   Code   RO         1233    .text.__NVIC_EnableIRQ  stm32f4xx_hal_cortex.o
    0x08011480   0x08011480   0x00000010   Code   RO         1225    .text.__NVIC_GetPriorityGrouping  stm32f4xx_hal_cortex.o
    0x08011490   0x08011490   0x00000042   Code   RO         1227    .text.__NVIC_SetPriority  stm32f4xx_hal_cortex.o
    0x080114d2   0x080114d2   0x00000002   PAD
    0x080114d4   0x080114d4   0x0000003c   Code   RO         1221    .text.__NVIC_SetPriorityGrouping  stm32f4xx_hal_cortex.o
    0x08011510   0x08011510   0x00000010   Code   RO          114    .text.__cxx_global_var_init  main.o
    0x08011520   0x08011520   0x00000010   Code   RO          753    .text.__cxx_global_var_init  stm32f4xx_it.o
    0x08011530   0x08011530   0x00000010   Code   RO         1983    .text.__cxx_global_var_init  rm_lib.o
    0x08011540   0x08011540   0x00000010   Code   RO         2355    .text.__cxx_global_var_init  communication.o
    0x08011550   0x08011550   0x00000010   Code   RO         2408    .text.__cxx_global_var_init  my_math.o
    0x08011560   0x08011560   0x00000010   Code   RO         2554    .text.__cxx_global_var_init  rgb_debug.o
    0x08011570   0x08011570   0x0000001a   Code   RO          118    .text.__cxx_global_var_init.1  main.o
    0x0801158a   0x0801158a   0x00000002   PAD
    0x0801158c   0x0801158c   0x0000001c   Code   RO          136    .text.__cxx_global_var_init.10  main.o
    0x080115a8   0x080115a8   0x0000001c   Code   RO          138    .text.__cxx_global_var_init.11  main.o
    0x080115c4   0x080115c4   0x0000001c   Code   RO          140    .text.__cxx_global_var_init.12  main.o
    0x080115e0   0x080115e0   0x00000040   Code   RO          142    .text.__cxx_global_var_init.13  main.o
    0x08011620   0x08011620   0x0000003c   Code   RO          144    .text.__cxx_global_var_init.14  main.o
    0x0801165c   0x0801165c   0x00000040   Code   RO          146    .text.__cxx_global_var_init.15  main.o
    0x0801169c   0x0801169c   0x0000003c   Code   RO          148    .text.__cxx_global_var_init.16  main.o
    0x080116d8   0x080116d8   0x00000040   Code   RO          150    .text.__cxx_global_var_init.17  main.o
    0x08011718   0x08011718   0x0000003c   Code   RO          152    .text.__cxx_global_var_init.18  main.o
    0x08011754   0x08011754   0x0000003c   Code   RO          154    .text.__cxx_global_var_init.19  main.o
    0x08011790   0x08011790   0x0000001a   Code   RO          120    .text.__cxx_global_var_init.2  main.o
    0x080117aa   0x080117aa   0x00000002   PAD
    0x080117ac   0x080117ac   0x0000003c   Code   RO          156    .text.__cxx_global_var_init.20  main.o
    0x080117e8   0x080117e8   0x00000040   Code   RO          158    .text.__cxx_global_var_init.21  main.o
    0x08011828   0x08011828   0x00000040   Code   RO          160    .text.__cxx_global_var_init.22  main.o
    0x08011868   0x08011868   0x00000040   Code   RO          162    .text.__cxx_global_var_init.23  main.o
    0x080118a8   0x080118a8   0x00000040   Code   RO          164    .text.__cxx_global_var_init.24  main.o
    0x080118e8   0x080118e8   0x00000044   Code   RO          166    .text.__cxx_global_var_init.25  main.o
    0x0801192c   0x0801192c   0x0000003c   Code   RO          168    .text.__cxx_global_var_init.26  main.o
    0x08011968   0x08011968   0x0000004c   Code   RO          170    .text.__cxx_global_var_init.27  main.o
    0x080119b4   0x080119b4   0x0000003c   Code   RO          172    .text.__cxx_global_var_init.28  main.o
    0x080119f0   0x080119f0   0x00000048   Code   RO          174    .text.__cxx_global_var_init.29  main.o
    0x08011a38   0x08011a38   0x0000001c   Code   RO          122    .text.__cxx_global_var_init.3  main.o
    0x08011a54   0x08011a54   0x0000003c   Code   RO          176    .text.__cxx_global_var_init.30  main.o
    0x08011a90   0x08011a90   0x00000044   Code   RO          178    .text.__cxx_global_var_init.31  main.o
    0x08011ad4   0x08011ad4   0x00000040   Code   RO          180    .text.__cxx_global_var_init.32  main.o
    0x08011b14   0x08011b14   0x0000004c   Code   RO          182    .text.__cxx_global_var_init.33  main.o
    0x08011b60   0x08011b60   0x00000040   Code   RO          184    .text.__cxx_global_var_init.34  main.o
    0x08011ba0   0x08011ba0   0x00000048   Code   RO          186    .text.__cxx_global_var_init.35  main.o
    0x08011be8   0x08011be8   0x00000040   Code   RO          188    .text.__cxx_global_var_init.36  main.o
    0x08011c28   0x08011c28   0x00000024   Code   RO          190    .text.__cxx_global_var_init.37  main.o
    0x08011c4c   0x08011c4c   0x00000024   Code   RO          192    .text.__cxx_global_var_init.38  main.o
    0x08011c70   0x08011c70   0x00000060   Code   RO          194    .text.__cxx_global_var_init.39  main.o
    0x08011cd0   0x08011cd0   0x0000001c   Code   RO          124    .text.__cxx_global_var_init.4  main.o
    0x08011cec   0x08011cec   0x00000020   Code   RO          196    .text.__cxx_global_var_init.40  main.o
    0x08011d0c   0x08011d0c   0x00000020   Code   RO          198    .text.__cxx_global_var_init.41  main.o
    0x08011d2c   0x08011d2c   0x00000022   Code   RO          200    .text.__cxx_global_var_init.42  main.o
    0x08011d4e   0x08011d4e   0x00000002   PAD
    0x08011d50   0x08011d50   0x00000012   Code   RO          202    .text.__cxx_global_var_init.44  main.o
    0x08011d62   0x08011d62   0x00000002   PAD
    0x08011d64   0x08011d64   0x00000012   Code   RO          204    .text.__cxx_global_var_init.45  main.o
    0x08011d76   0x08011d76   0x00000002   PAD
    0x08011d78   0x08011d78   0x00000010   Code   RO          270    .text.__cxx_global_var_init.46  main.o
    0x08011d88   0x08011d88   0x0000001c   Code   RO          126    .text.__cxx_global_var_init.5  main.o
    0x08011da4   0x08011da4   0x0000001c   Code   RO          128    .text.__cxx_global_var_init.6  main.o
    0x08011dc0   0x08011dc0   0x0000001c   Code   RO          130    .text.__cxx_global_var_init.7  main.o
    0x08011ddc   0x08011ddc   0x0000001c   Code   RO          132    .text.__cxx_global_var_init.8  main.o
    0x08011df8   0x08011df8   0x0000001c   Code   RO          134    .text.__cxx_global_var_init.9  main.o
    0x08011e14   0x08011e14   0x00000004   Code   RO         2924    .text.abort_message  libcppabi_w.l(abort_message.cpp.o)
    0x08011e18   0x08011e18   0x0000005c   Code   RO           52    .text.decode_hipnuc  hipnuc_dec.o
    0x08011e74   0x08011e74   0x00000058   Code   RO         2359    .text.get_crc16     communication.o
    0x08011ecc   0x08011ecc   0x0000007e   Code   RO           56    .text.hipnuc_crc16  hipnuc_dec.o
    0x08011f4a   0x08011f4a   0x00000002   PAD
    0x08011f4c   0x08011f4c   0x000000a6   Code   RO           44    .text.hipnuc_input  hipnuc_dec.o
    0x08011ff2   0x08011ff2   0x00000002   PAD
    0x08011ff4   0x08011ff4   0x000002de   Code   RO          272    .text.main          main.o
    0x080122d2   0x080122d2   0x00000002   PAD
    0x080122d4   0x080122d4   0x000006c6   Code   RO           58    .text.parse_data    hipnuc_dec.o
    0x0801299a   0x0801299a   0x00000002   PAD
    0x0801299c   0x0801299c   0x0000003e   Code   RO           48    .text.sync_hipnuc   hipnuc_dec.o
    0x080129da   0x080129da   0x0000002c   Code   RO         2663    .text.unlikely.__cxa_guard_acquire  libcppabi_w.l(cxa_guard.cpp.o)
    0x08012a06   0x08012a06   0x00000008   Code   RO         2665    .text.unlikely.__cxa_guard_release  libcppabi_w.l(cxa_guard.cpp.o)
    0x08012a0e   0x08012a0e   0x0000003e   Code   RO         3060    CL$$btod_d2e        c_w.l(btod.o)
    0x08012a4c   0x08012a4c   0x00000046   Code   RO         3062    CL$$btod_d2e_denorm_low  c_w.l(btod.o)
    0x08012a92   0x08012a92   0x00000060   Code   RO         3061    CL$$btod_d2e_norm_op1  c_w.l(btod.o)
    0x08012af2   0x08012af2   0x00000002   PAD
    0x08012af4   0x08012af4   0x00000338   Code   RO         3070    CL$$btod_div_common  c_w.l(btod.o)
    0x08012e2c   0x08012e2c   0x000000dc   Code   RO         3067    CL$$btod_e2e        c_w.l(btod.o)
    0x08012f08   0x08012f08   0x0000002a   Code   RO         3064    CL$$btod_ediv       c_w.l(btod.o)
    0x08012f32   0x08012f32   0x0000002a   Code   RO         3063    CL$$btod_emul       c_w.l(btod.o)
    0x08012f5c   0x08012f5c   0x00000244   Code   RO         3069    CL$$btod_mult_common  c_w.l(btod.o)
    0x080131a0   0x080131a0   0x00000030   Code   RO         3043    i.__ARM_fpclassify  m_wm.l(fpclassify.o)
    0x080131d0   0x080131d0   0x00000026   Code   RO         2954    i.__ARM_fpclassifyf  m_wm.l(fpclassifyf.o)
    0x080131f6   0x080131f6   0x00000002   PAD
    0x080131f8   0x080131f8   0x0000012c   Code   RO         2671    i.__hardfp_asinf    m_wm.l(asinf.o)
    0x08013324   0x08013324   0x000002ac   Code   RO         2683    i.__hardfp_atan2f   m_wm.l(atan2f.o)
    0x080135d0   0x080135d0   0x00000150   Code   RO         2695    i.__hardfp_cosf     m_wm.l(cosf.o)
    0x08013720   0x08013720   0x000000b0   Code   RO         2707    i.__hardfp_fmodf    m_wm.l(fmodf.o)
    0x080137d0   0x080137d0   0x00000190   Code   RO         2720    i.__hardfp_sinf     m_wm.l(sinf.o)
    0x08013960   0x08013960   0x00000006   Code   RO         2957    i.__mathlib_flt_infnan  m_wm.l(funder.o)
    0x08013966   0x08013966   0x00000006   Code   RO         2958    i.__mathlib_flt_infnan2  m_wm.l(funder.o)
    0x0801396c   0x0801396c   0x00000010   Code   RO         2959    i.__mathlib_flt_invalid  m_wm.l(funder.o)
    0x0801397c   0x0801397c   0x00000010   Code   RO         2962    i.__mathlib_flt_underflow  m_wm.l(funder.o)
    0x0801398c   0x0801398c   0x00000154   Code   RO         2973    i.__mathlib_rredf2  m_wm.l(rredf.o)
    0x08013ae0   0x08013ae0   0x0000000e   Code   RO         2806    i._is_digit         c_w.l(__printf_wp.o)
    0x08013aee   0x08013aee   0x0000003e   Code   RO         2728    i.sqrtf             m_wm.l(sqrtf.o)
    0x08013b2c   0x08013b2c   0x0000002c   Code   RO         3028    locale$$code        c_w.l(lc_ctype_c.o)
    0x08013b58   0x08013b58   0x0000002c   Code   RO         3031    locale$$code        c_w.l(lc_numeric_c.o)
    0x08013b84   0x08013b84   0x00000062   Code   RO         2634    x$fpl$d2f           fz_wm.l(d2f.o)
    0x08013be6   0x08013be6   0x00000002   PAD
    0x08013be8   0x08013be8   0x00000150   Code   RO         2636    x$fpl$dadd          fz_wm.l(daddsub_clz.o)
    0x08013d38   0x08013d38   0x00000018   Code   RO         3037    x$fpl$dcmpinf       fz_wm.l(dcmpi.o)
    0x08013d50   0x08013d50   0x00000078   Code   RO         2896    x$fpl$deqf          fz_wm.l(deqf.o)
    0x08013dc8   0x08013dc8   0x00000078   Code   RO         2898    x$fpl$dgeqf         fz_wm.l(dgeqf.o)
    0x08013e40   0x08013e40   0x00000078   Code   RO         2900    x$fpl$dleqf         fz_wm.l(dleqf.o)
    0x08013eb8   0x08013eb8   0x00000154   Code   RO         2658    x$fpl$dmul          fz_wm.l(dmul.o)
    0x0801400c   0x0801400c   0x0000009c   Code   RO         2902    x$fpl$dnaninf       fz_wm.l(dnaninf.o)
    0x080140a8   0x080140a8   0x0000000c   Code   RO         2904    x$fpl$dretinf       fz_wm.l(dretinf.o)
    0x080140b4   0x080140b4   0x000001dc   Code   RO         2638    x$fpl$dsub          fz_wm.l(daddsub_clz.o)
    0x08014290   0x08014290   0x00000056   Code   RO         2660    x$fpl$f2d           fz_wm.l(f2d.o)
    0x080142e6   0x080142e6   0x00000054   Code   RO         2642    x$fpl$fcmp          fz_wm.l(dcmp.o)
    0x0801433a   0x0801433a   0x0000008c   Code   RO         2908    x$fpl$fnaninf       fz_wm.l(fnaninf.o)
    0x080143c6   0x080143c6   0x0000001a   Code   RO         3039    x$fpl$fpinit        fz_wm.l(fpinit.o)
    0x080143e0   0x080143e0   0x000000f4   Code   RO         2910    x$fpl$frem          fz_wm.l(frem_clz.o)
    0x080144d4   0x080144d4   0x0000000a   Code   RO         2912    x$fpl$fretinf       fz_wm.l(fretinf.o)
    0x080144de   0x080144de   0x00000004   Code   RO         2914    x$fpl$printf1       fz_wm.l(printf1.o)
    0x080144e2   0x080144e2   0x00000004   Code   RO         2916    x$fpl$printf2       fz_wm.l(printf2.o)
    0x080144e6   0x080144e6   0x00000000   Code   RO         2922    x$fpl$usenofp       fz_wm.l(usenofp.o)
    0x080144e6   0x080144e6   0x00000002   PAD
    0x080144e8   0x080144e8   0x00000008   Data   RO         2765    .constdata          c_w.l(_printf_wctomb.o)
    0x080144f0   0x080144f0   0x00000028   Data   RO         2794    .constdata          c_w.l(_printf_hex_int_ll_ptr.o)
    0x08014518   0x08014518   0x00000011   Data   RO         2814    .constdata          c_w.l(__printf_flags_ss_wp.o)
    0x08014529   0x08014529   0x00000003   PAD
    0x0801452c   0x0801452c   0x00000020   Data   RO         2974    .constdata          m_wm.l(rredf.o)
    0x0801454c   0x0801454c   0x00000026   Data   RO         3012    .constdata          c_w.l(_printf_fp_hex.o)
    0x08014572   0x08014572   0x00000002   PAD
    0x08014574   0x08014574   0x00000094   Data   RO         3058    .constdata          c_w.l(bigflt0.o)
    0x08014608   0x08014608   0x00000010   Data   RO         1974    .rodata.AHBPrescTable  system_stm32f4xx.o
    0x08014618   0x08014618   0x00000008   Data   RO         1975    .rodata.APBPrescTable  system_stm32f4xx.o
    0x08014620   0x08014620   0x00000008   Data   RO         1151    .rodata.DMA_CalcBaseAndBitshift.flagBitshiftOffset  stm32f4xx_hal_dma.o
    0x08014628   0x08014628   0x00000200   Data   RO         2398    .rodata._ZL11CRC16_TABLE  communication.o
    0x08014828   0x08014828   0x00000100   Data   RO          857    .rodata._ZZN7TuChuan18Get_CRC8_Check_SumEPhjE8CRC8_TAB  stm32f4xx_it.o
    0x08014928   0x08014928   0x00000200   Data   RO          858    .rodata._ZZN7TuChuan19Get_CRC16_Check_SumEPhjE10wCRC_Table  stm32f4xx_it.o
    0x08014b28   0x08014b28   0x0000005c   Data   RO          350    .rodata.str1.1      main.o
    0x08014b84   0x08014b84   0x00000072   Data   RO         2296    .rodata.str1.1      rm_lib.o
    0x08014bf6   0x08014bf6   0x00000093   Data   RO         2669    .rodata.str1.1      libcppabi_w.l(cxa_guard.cpp.o)
    0x08014c89   0x08014c89   0x00000003   PAD
    0x08014c8c   0x08014c8c   0x00000020   Data   RO         3232    Region$$Table       anon$$obj.o
    0x08014cac   0x08014cac   0x00000110   Data   RO         3027    locale$$data        c_w.l(lc_ctype_c.o)
    0x08014dbc   0x08014dbc   0x0000001c   Data   RO         3030    locale$$data        c_w.l(lc_numeric_c.o)
    0x08014dd8   0x08014dd8   0x00000004   Data   RO          586    .init_array         main.o
    0x08014ddc   0x08014dd8   0x00000004   Data   RO          840    .init_array         stm32f4xx_it.o
    0x08014de0   0x08014dd8   0x00000004   Data   RO         2314    .init_array         rm_lib.o
    0x08014de4   0x08014dd8   0x00000004   Data   RO         2400    .init_array         communication.o
    0x08014de8   0x08014dd8   0x00000004   Data   RO         2489    .init_array         my_math.o
    0x08014dec   0x08014dd8   0x00000004   Data   RO         2589    .init_array         rgb_debug.o
    0x08014df0   0x08014dd8   0x00000000   Data   RO         2629    .init_array         c_w.l(init_aeabi.o)


    Execution Region RW_IRAM1 (Exec base: 0x20000000, Load base: 0x08014df0, Size: 0x00003b80, Max: 0x0001c000, ABSOLUTE)

    Exec Addr    Load Addr    Size         Type   Attr      Idx    E Section Name        Object

    0x20000000   0x08014df0   0x00000002   Data   RW          404    .data.MCL_MAX_Speed_Far  main.o
    0x20000002   0x08014df2   0x00000002   Data   RW          403    .data.MCL_MAX_Speed_Near  main.o
    0x20000004   0x08014df4   0x00000002   Data   RW          405    .data.MCL_MAX_Speed_Now  main.o
    0x20000006   0x08014df6   0x00000002   PAD
    0x20000008   0x08014df8   0x00000004   Data   RW          422    .data.Mini_Pitch_manual_speed  main.o
    0x2000000c   0x08014dfc   0x00000001   Data   RW          384    .data.Pitch_088_state  main.o
    0x2000000d   0x08014dfd   0x00000003   PAD
    0x20000010   0x08014e00   0x00000004   Data   RW         1973    .data.SystemCoreClock  system_stm32f4xx.o
    0x20000014   0x08014e04   0x00000002   Data   RW          470    .data.ZM_Fire_delay  main.o
    0x20000016   0x08014e06   0x00000002   PAD
    0x20000018   0x08014e08   0x00000004   Data   RW          522    .data._ZZ12YAW_PID_CalcvE12kk_yaw_sp_lp  main.o
    0x2000001c   0x08014e0c   0x00000004   Data   RW          521    .data._ZZ12YAW_PID_CalcvE14kk_yaw_mang_lp  main.o
    0x20000020   0x08014e10   0x00000004   Data   RW          551    .data._ZZ21Keyboard_Special_FuncvE7targe_f  main.o
    0x20000024   0x08014e14   0x00000001   Data   RW          583    .data._ZZ29HAL_TIM_PeriodElapsedCallbackE8can_scan  main.o
    0x20000025   0x08014e15   0x00000001   PAD
    0x20000026   0x08014e16   0x00000002   Data   RW          502    .data._ZZ9BP_KD_TIMvE14kadan_tui_mang  main.o
    0x20000028   0x08014e18   0x00000001   Data   RW         2313    .data._ZZN10Vision_LPF22Vision_Low_Pass_FilterEfE10fisrt_flag  rm_lib.o
    0x20000029   0x08014e19   0x00000001   Data   RW         2298    .data._ZZN6BMI08815low_pass_filterEfE10fisrt_flag  rm_lib.o
    0x2000002a   0x08014e1a   0x00000002   PAD
    0x2000002c   0x08014e1c   0x00000004   Data   RW          449    .data.kk_pitch_mang_lp  main.o
    0x20000030   0x08014e20   0x00000004   Data   RW         2310    .data.param_Kp      rm_lib.o
    0x20000034   0x08014e24   0x00000004   Data   RW          448    .data.pitch_mang_goal  main.o
    0x20000038   0x08014e28   0x00000004   Data   RW          394    .data.shoot_sp      main.o
    0x2000003c   0x08014e2c   0x00000001   Data   RW         1351    .data.uwTickFreq    stm32f4xx_hal.o
    0x2000003d   0x08014e2d   0x00000003   PAD
    0x20000040   0x08014e30   0x00000004   Data   RW         1350    .data.uwTickPrio    stm32f4xx_hal.o
    0x20000044   0x08014e34   0x00000004   Data   RW          453    .data.vision_pitch  main.o
    0x20000048   0x08014e38   0x00000004   Data   RW          432    .data.vision_yaw    main.o
    0x2000004c   0x08014e3c   0x00000010   Data   RW           69    .data.yaw_cont      hipnuc_dec.o
    0x2000005c   0x08014e4c   0x00000004   PAD
    0x20000060        -       0x00000060   Zero   RW         2977    .bss                c_w.l(libspace.o)
    0x200000c0        -       0x00000014   Zero   RW         2395    .bss.AS             communication.o
    0x200000d4        -       0x00000004   Zero   RW          413    .bss.BP_Islow_incbuf  main.o
    0x200000d8        -       0x00000001   Zero   RW          407    .bss.BP_MODE        main.o
    0x200000d9        -       0x00000001   Zero   RW          410    .bss.BP_ON_flag     main.o
    0x200000da   0x08014e4c   0x00000002   PAD
    0x200000dc        -       0x00000004   Zero   RW          409    .bss.BP_calc_targe  main.o
    0x200000e0        -       0x00000001   Zero   RW          391    .bss.BP_protect_cansend_flag  main.o
    0x200000e1   0x08014e4c   0x00000003   PAD
    0x200000e4        -       0x00000004   Zero   RW          408    .bss.BP_targe       main.o
    0x200000e8        -       0x00000028   Zero   RW          313    .bss.BoPan          main.o
    0x20000110        -       0x00000074   Zero   RW          311    .bss.CAN_1          main.o
    0x20000184        -       0x00000074   Zero   RW          312    .bss.CAN_2          main.o
    0x200001f8        -       0x00000001   Zero   RW          369    .bss.Chassis_IMU_OK  main.o
    0x200001f9        -       0x00000001   Zero   RW          365    .bss.Chassis_Motor_M1_OK  main.o
    0x200001fa        -       0x00000001   Zero   RW          366    .bss.Chassis_Motor_M2_OK  main.o
    0x200001fb        -       0x00000001   Zero   RW          367    .bss.Chassis_Motor_M3_OK  main.o
    0x200001fc        -       0x00000001   Zero   RW          368    .bss.Chassis_Motor_M4_OK  main.o
    0x200001fd        -       0x00000001   Zero   RW          370    .bss.Chassis_REF_OK  main.o
    0x200001fe        -       0x00000001   Zero   RW          839    .bss.DMATX          stm32f4xx_it.o
    0x200001ff   0x08014e4c   0x00000001   PAD
    0x20000200        -       0x00000002   Zero   RW          376    .bss.DP_Tx_static_Flag  main.o
    0x20000202   0x08014e4c   0x00000002   PAD
    0x20000204        -       0x00000004   Zero   RW          430    .bss.Erro_Yaw       main.o
    0x20000208        -       0x00000004   Zero   RW          647    .bss.HAL_RCC_CAN1_CLK_ENABLED  can.o
    0x2000020c        -       0x00000001   Zero   RW           78    .bss.IMU_FIFO       hipnuc_dec.o
    0x2000020d   0x08014e4c   0x00000001   PAD
    0x2000020e        -       0x00000002   Zero   RW           77    .bss.IMU_rx_size    hipnuc_dec.o
    0x20000210        -       0x00000004   Zero   RW         2306    .bss.I_ex           rm_lib.o
    0x20000214        -       0x00000004   Zero   RW         2307    .bss.I_ey           rm_lib.o
    0x20000218        -       0x00000004   Zero   RW         2308    .bss.I_ez           rm_lib.o
    0x2000021c        -       0x00000002   Zero   RW          399    .bss.LL_targe_sp    main.o
    0x2000021e   0x08014e4c   0x00000002   PAD
    0x20000220        -       0x00000010   Zero   RW          286    .bss.LPF_factor     main.o
    0x20000230        -       0x00000010   Zero   RW          827    .bss.LPF_factor     stm32f4xx_it.o
    0x20000240        -       0x00000010   Zero   RW         2291    .bss.LPF_factor     rm_lib.o
    0x20000250        -       0x00000010   Zero   RW         2387    .bss.LPF_factor     communication.o
    0x20000260        -       0x00000010   Zero   RW         2480    .bss.LPF_factor     my_math.o
    0x20000270        -       0x00000010   Zero   RW         2582    .bss.LPF_factor     rgb_debug.o
    0x20000280        -       0x00000002   Zero   RW          395    .bss.L_targe_sp     main.o
    0x20000282        -       0x00000001   Zero   RW          386    .bss.MCL_2_motorflag  main.o
    0x20000283        -       0x00000001   Zero   RW          385    .bss.MCL_4_motorflag  main.o
    0x20000284        -       0x00000002   Zero   RW          402    .bss.MCL_MID        main.o
    0x20000286        -       0x00000001   Zero   RW          406    .bss.MCL_ON_flag    main.o
    0x20000287        -       0x00000001   Zero   RW          401    .bss.MCL_Start_flag  main.o
    0x20000288        -       0x00000001   Zero   RW          393    .bss.MCL_protect_cansend_1FF_flag  main.o
    0x20000289        -       0x00000001   Zero   RW          392    .bss.MCL_protect_cansend_200_flag  main.o
    0x2000028a        -       0x00000001   Zero   RW          310    .bss.MYmode         main.o
    0x2000028b        -       0x00000080   Zero   RW         2390    .bss.Mini_PC_rx_buf  communication.o
    0x2000030b        -       0x00000080   Zero   RW         2389    .bss.Mini_PC_tx_buf  communication.o
    0x2000038b   0x08014e4c   0x00000001   PAD
    0x2000038c        -       0x00000028   Zero   RW          314    .bss.Mini_Pitch_2006  main.o
    0x200003b4        -       0x00000001   Zero   RW          426    .bss.Mini_Pitch_E_key_flag  main.o
    0x200003b5   0x08014e4c   0x00000003   PAD
    0x200003b8        -       0x00000004   Zero   RW          423    .bss.Mini_Pitch_Islow_incbuf  main.o
    0x200003bc        -       0x00000001   Zero   RW          417    .bss.Mini_Pitch_MODE  main.o
    0x200003bd   0x08014e4c   0x00000003   PAD
    0x200003c0        -       0x00000004   Zero   RW          419    .bss.Mini_Pitch_calc_targe  main.o
    0x200003c4        -       0x00000002   Zero   RW          425    .bss.Mini_Pitch_duzhuan_cnt  main.o
    0x200003c6        -       0x00000001   Zero   RW          424    .bss.Mini_Pitch_first_enter_diaoshe  main.o
    0x200003c7        -       0x00000001   Zero   RW          420    .bss.Mini_Pitch_preset_flag  main.o
    0x200003c8        -       0x00000004   Zero   RW          418    .bss.Mini_Pitch_targe  main.o
    0x200003cc        -       0x0000002c   Zero   RW          321    .bss.Motor_LK6010_Pitch  main.o
    0x200003f8        -       0x0000002c   Zero   RW          322    .bss.Motor_LK6010_Yaw  main.o
    0x20000424        -       0x00000028   Zero   RW          317    .bss.Motor_MCL_L    main.o
    0x2000044c        -       0x00000028   Zero   RW          320    .bss.Motor_MCL_LL   main.o
    0x20000474        -       0x00000028   Zero   RW          316    .bss.Motor_MCL_R    main.o
    0x2000049c        -       0x00000028   Zero   RW          318    .bss.Motor_MCL_RR   main.o
    0x200004c4        -       0x00000028   Zero   RW          319    .bss.Motor_MCL_UP   main.o
    0x200004ec        -       0x00000028   Zero   RW          315    .bss.Motor_MCL_UP_up  main.o
    0x20000514        -       0x0000012c   Zero   RW          836    .bss.NSQD_De_video_buffer  stm32f4xx_it.o
    0x20000640        -       0x00000070   Zero   RW          327    .bss.PID_BP_mang    main.o
    0x200006b0        -       0x00000070   Zero   RW          328    .bss.PID_BP_sp      main.o
    0x20000720        -       0x00000070   Zero   RW          340    .bss.PID_LK_Erro_Pitch_IMU_Gyro  main.o
    0x20000790        -       0x00000070   Zero   RW          339    .bss.PID_LK_Erro_Pitch_IMU_MANG  main.o
    0x20000800        -       0x00000070   Zero   RW          335    .bss.PID_LK_Pitch_Mang  main.o
    0x20000870        -       0x00000070   Zero   RW          337    .bss.PID_LK_Pitch_Mang_zm  main.o
    0x200008e0        -       0x00000070   Zero   RW          336    .bss.PID_LK_Pitch_SP  main.o
    0x20000950        -       0x00000070   Zero   RW          338    .bss.PID_LK_Pitch_SP_zm  main.o
    0x200009c0        -       0x00000070   Zero   RW          334    .bss.PID_MCL_LL_sp  main.o
    0x20000a30        -       0x00000070   Zero   RW          331    .bss.PID_MCL_L_sp   main.o
    0x20000aa0        -       0x00000070   Zero   RW          332    .bss.PID_MCL_RR_sp  main.o
    0x20000b10        -       0x00000070   Zero   RW          330    .bss.PID_MCL_R_sp   main.o
    0x20000b80        -       0x00000070   Zero   RW          333    .bss.PID_MCL_UPUP_sp  main.o
    0x20000bf0        -       0x00000070   Zero   RW          329    .bss.PID_MCL_UP_sp  main.o
    0x20000c60        -       0x00000070   Zero   RW          323    .bss.PID_Mini_Pitch_2006_mang  main.o
    0x20000cd0        -       0x00000070   Zero   RW          325    .bss.PID_Mini_Pitch_2006_mang_DU  main.o
    0x20000d40        -       0x00000070   Zero   RW          324    .bss.PID_Mini_Pitch_2006_sp  main.o
    0x20000db0        -       0x00000070   Zero   RW          326    .bss.PID_Mini_Pitch_2006_sp_DU  main.o
    0x20000e20        -       0x00000070   Zero   RW          346    .bss.PID_YAW_Erro_IMU_GYRO  main.o
    0x20000e90        -       0x00000070   Zero   RW          345    .bss.PID_YAW_Erro_IMU_MANG  main.o
    0x20000f00        -       0x00000070   Zero   RW          341    .bss.PID_Yaw_mang   main.o
    0x20000f70        -       0x00000070   Zero   RW          343    .bss.PID_Yaw_mang_zm  main.o
    0x20000fe0        -       0x00000070   Zero   RW          342    .bss.PID_Yaw_sp     main.o
    0x20001050        -       0x00000070   Zero   RW          344    .bss.PID_Yaw_sp_zm  main.o
    0x200010c0        -       0x00000004   Zero   RW          445    .bss.PITCH_PID_OUT  main.o
    0x200010c4        -       0x00000001   Zero   RW          488    .bss.PRESS_TYPE     main.o
    0x200010c5   0x08014e4c   0x00000003   PAD
    0x200010c8        -       0x0000027c   Zero   RW          349    .bss.Pitch_088      main.o
    0x20001344        -       0x00000004   Zero   RW          446    .bss.Pitch_goal     main.o
    0x20001348        -       0x00000354   Zero   RW          353    .bss.RGB_UI         main.o
    0x2000169c        -       0x00000002   Zero   RW          398    .bss.RR_targe_sp    main.o
    0x2000169e        -       0x00000002   Zero   RW          396    .bss.R_targe_sp     main.o
    0x200016a0        -       0x00000004   Zero   RW          582    .bss.Robot_pos_u    main.o
    0x200016a4        -       0x00000001   Zero   RW          463    .bss.SP_Turn_Flag   main.o
    0x200016a5        -       0x00000001   Zero   RW          411    .bss.Shoot_flag     main.o
    0x200016a6   0x08014e4c   0x00000002   PAD
    0x200016a8        -       0x00000004   Zero   RW          581    .bss.Shoot_speed_u  main.o
    0x200016ac        -       0x00000002   Zero   RW          412    .bss.Shoot_time     main.o
    0x200016ae   0x08014e4c   0x00000002   PAD
    0x200016b0        -       0x00000020   Zero   RW         2396    .bss.SuperPower     communication.o
    0x200016d0        -       0x00000560   Zero   RW          352    .bss.TC             main.o
    0x20001c30        -       0x00000024   Zero   RW          573    .bss.TOP_Data       main.o
    0x20001c54        -       0x00000135   Zero   RW          837    .bss.TX_VD_buf      stm32f4xx_it.o
    0x20001d89        -       0x00000001   Zero   RW          416    .bss.UD_BP_1        main.o
    0x20001d8a        -       0x00000001   Zero   RW          415    .bss.UD_BoPan_ON    main.o
    0x20001d8b   0x08014e4c   0x00000001   PAD
    0x20001d8c        -       0x00000002   Zero   RW          400    .bss.UPUP_targe_sp  main.o
    0x20001d8e        -       0x00000002   Zero   RW          397    .bss.UP_targe_sp    main.o
    0x20001d90        -       0x00000514   Zero   RW          833    .bss.VD_2rx_buf     stm32f4xx_it.o
    0x200022a4        -       0x00000001   Zero   RW          834    .bss.VD_FIFO        stm32f4xx_it.o
    0x200022a5   0x08014e4c   0x00000001   PAD
    0x200022a6        -       0x00000002   Zero   RW          835    .bss.VD_rx_byte     stm32f4xx_it.o
    0x200022a8        -       0x00000001   Zero   RW          838    .bss.VD_rx_state    stm32f4xx_it.o
    0x200022a9        -       0x00000001   Zero   RW          829    .bss.VD_rxcnt       stm32f4xx_it.o
    0x200022aa        -       0x00000001   Zero   RW          830    .bss.VD_tx_state    stm32f4xx_it.o
    0x200022ab        -       0x00000001   Zero   RW          372    .bss.V_Cap_OK_flag  main.o
    0x200022ac        -       0x00000004   Zero   RW          371    .bss.V_Cap_Real     main.o
    0x200022b0        -       0x0000001c   Zero   RW          347    .bss.V_Pitch        main.o
    0x200022cc        -       0x0000001c   Zero   RW          348    .bss.V_Yaw          main.o
    0x200022e8        -       0x00000001   Zero   RW          298    .bss.XTL_flag       main.o
    0x200022e9   0x08014e4c   0x00000003   PAD
    0x200022ec        -       0x00000004   Zero   RW          439    .bss.YAW_0          main.o
    0x200022f0        -       0x00000004   Zero   RW          427    .bss.YAW_PID_OUT    main.o
    0x200022f4        -       0x0000014c   Zero   RW          351    .bss.YK             main.o
    0x20002440        -       0x00000002   Zero   RW          375    .bss.YT_Tx_static_Flag  main.o
    0x20002442   0x08014e4c   0x00000002   PAD
    0x20002444        -       0x00000004   Zero   RW          436    .bss.Yaw_ab         main.o
    0x20002448        -       0x00000004   Zero   RW          428    .bss.Yaw_goal       main.o
    0x2000244c        -       0x00000004   Zero   RW          530    .bss._ZGVZ11PITCH_LogicvE9UD_TURN_P  main.o
    0x20002450        -       0x00000004   Zero   RW          526    .bss._ZGVZ12YAW_PID_CalcvE8UD_SET_Y  main.o
    0x20002454        -       0x00000004   Zero   RW          524    .bss._ZGVZ12YAW_PID_CalcvE9UD_TURN_Y  main.o
    0x20002458        -       0x00000004   Zero   RW          532    .bss._ZGVZ15YAW_Turn_HandlevE13UD_DiaoTou_No  main.o
    0x2000245c        -       0x00000004   Zero   RW          515    .bss._ZGVZ17Telescope_Get_PWMvE4UD_E  main.o
    0x20002460        -       0x00000004   Zero   RW          538    .bss._ZGVZ21Keyboard_Special_FuncvE14UD_Deploy_Turn  main.o
    0x20002464        -       0x00000004   Zero   RW          544    .bss._ZGVZ21Keyboard_Special_FuncvE17UD_MCL_Speed_Turn  main.o
    0x20002468        -       0x00000004   Zero   RW          550    .bss._ZGVZ21Keyboard_Special_FuncvE4UD_C  main.o
    0x2000246c        -       0x00000004   Zero   RW          536    .bss._ZGVZ21Keyboard_Special_FuncvE4UD_R  main.o
    0x20002470        -       0x00000004   Zero   RW          548    .bss._ZGVZ21Keyboard_Special_FuncvE4UD_X  main.o
    0x20002474        -       0x00000004   Zero   RW          546    .bss._ZGVZ21Keyboard_Special_FuncvE4UD_Z  main.o
    0x20002478        -       0x00000004   Zero   RW          534    .bss._ZGVZ21Keyboard_Special_FuncvE6UD_XTL  main.o
    0x2000247c        -       0x00000004   Zero   RW          542    .bss._ZGVZ21Keyboard_Special_FuncvE8UD_Boost  main.o
    0x20002480        -       0x00000004   Zero   RW          540    .bss._ZGVZ21Keyboard_Special_FuncvE9UD_Arr_PY  main.o
    0x20002484        -       0x00000004   Zero   RW          506    .bss._ZGVZ21Mini_Pitch_2006_LogicvE4UD_E  main.o
    0x20002488        -       0x00000004   Zero   RW          557    .bss._ZGVZ8ZM_CheckvE10UD_ZM_Fire  main.o
    0x2000248c        -       0x00000004   Zero   RW          559    .bss._ZGVZ8ZM_CheckvE7UD_FIRE  main.o
    0x20002490        -       0x00000004   Zero   RW          495    .bss._ZGVZ9MCL_LogicvE4UD_C  main.o
    0x20002494        -       0x00000004   Zero   RW          497    .bss._ZGVZ9MCL_LogicvE4UD_X  main.o
    0x20002498        -       0x00000004   Zero   RW          493    .bss._ZGVZ9MCL_LogicvE6UD_MCL  main.o
    0x2000249c        -       0x00000004   Zero   RW          499    .bss._ZGVZ9MCL_LogicvE7UD_TURN  main.o
    0x200024a0        -       0x00000004   Zero   RW          520    .bss._ZGVZ9YAW_LogicvE8UD_SET_Y  main.o
    0x200024a4        -       0x00000004   Zero   RW          518    .bss._ZGVZ9YAW_LogicvE9UD_SET2_Y  main.o
    0x200024a8        -       0x00000001   Zero   RW         2585    .bss._ZL11g_has_error  rgb_debug.o
    0x200024a9   0x08014e4c   0x00000003   PAD
    0x200024ac        -       0x00000004   Zero   RW         2587    .bss._ZL15g_led4_callback  rgb_debug.o
    0x200024b0        -       0x00000001   Zero   RW         2586    .bss._ZL16g_function_count  rgb_debug.o
    0x200024b1   0x08014e4c   0x00000003   PAD
    0x200024b4        -       0x00000080   Zero   RW         2588    .bss._ZL17g_function_status  rgb_debug.o
    0x20002534        -       0x00000004   Zero   RW         2583    .bss._ZL8g_config   rgb_debug.o
    0x20002538        -       0x00000002   Zero   RW         2584    .bss._ZL9g_rgb_cnt  rgb_debug.o
    0x2000253a        -       0x00000001   Zero   RW          529    .bss._ZZ11PITCH_LogicvE9UD_TURN_P  main.o
    0x2000253b        -       0x00000001   Zero   RW          525    .bss._ZZ12YAW_PID_CalcvE8UD_SET_Y  main.o
    0x2000253c        -       0x00000001   Zero   RW          523    .bss._ZZ12YAW_PID_CalcvE9UD_TURN_Y  main.o
    0x2000253d        -       0x00000001   Zero   RW          531    .bss._ZZ15YAW_Turn_HandlevE13UD_DiaoTou_No  main.o
    0x2000253e   0x08014e4c   0x00000002   PAD
    0x20002540        -       0x00000004   Zero   RW          527    .bss._ZZ16YAW_Angle_UpdatevE17yaw_relative_mang  main.o
    0x20002544        -       0x00000002   Zero   RW          512    .bss._ZZ17Telescope_Get_PWMvE13telescope_ccr  main.o
    0x20002546        -       0x00000001   Zero   RW          514    .bss._ZZ17Telescope_Get_PWMvE4UD_E  main.o
    0x20002547   0x08014e4c   0x00000001   PAD
    0x20002548        -       0x00000002   Zero   RW          555    .bss._ZZ20Deploy_Timeout_CheckvE14deploy_out_tim  main.o
    0x2000254a        -       0x00000001   Zero   RW          537    .bss._ZZ21Keyboard_Special_FuncvE14UD_Deploy_Turn  main.o
    0x2000254b        -       0x00000001   Zero   RW          543    .bss._ZZ21Keyboard_Special_FuncvE17UD_MCL_Speed_Turn  main.o
    0x2000254c        -       0x00000001   Zero   RW          552    .bss._ZZ21Keyboard_Special_FuncvE22mini_pitch_anjian_flag  main.o
    0x2000254d        -       0x00000001   Zero   RW          549    .bss._ZZ21Keyboard_Special_FuncvE4UD_C  main.o
    0x2000254e        -       0x00000001   Zero   RW          535    .bss._ZZ21Keyboard_Special_FuncvE4UD_R  main.o
    0x2000254f        -       0x00000001   Zero   RW          547    .bss._ZZ21Keyboard_Special_FuncvE4UD_X  main.o
    0x20002550        -       0x00000001   Zero   RW          545    .bss._ZZ21Keyboard_Special_FuncvE4UD_Z  main.o
    0x20002551        -       0x00000001   Zero   RW          533    .bss._ZZ21Keyboard_Special_FuncvE6UD_XTL  main.o
    0x20002552        -       0x00000001   Zero   RW          541    .bss._ZZ21Keyboard_Special_FuncvE8UD_Boost  main.o
    0x20002553        -       0x00000001   Zero   RW          539    .bss._ZZ21Keyboard_Special_FuncvE9UD_Arr_PY  main.o
    0x20002554        -       0x00000001   Zero   RW          505    .bss._ZZ21Mini_Pitch_2006_LogicvE4UD_E  main.o
    0x20002555   0x08014e4c   0x00000003   PAD
    0x20002558        -       0x00000004   Zero   RW          553    .bss._ZZ23Mini_PITCH_Mouse_AdjustvE18mini_pitch_buf_ccr  main.o
    0x2000255c        -       0x00000001   Zero   RW          554    .bss._ZZ23Mini_PITCH_Mouse_AdjustvE20mini_pitch_ctrl_flag  main.o
    0x2000255d        -       0x00000001   Zero   RW          585    .bss._ZZ29HAL_TIM_PeriodElapsedCallbackE8scan_tim  main.o
    0x2000255e        -       0x00000001   Zero   RW          584    .bss._ZZ29HAL_TIM_PeriodElapsedCallbackE9Send_flag  main.o
    0x2000255f   0x08014e4c   0x00000001   PAD
    0x20002560        -       0x00000002   Zero   RW          578    .bss._ZZ33HAL_CAN_RxFifo1MsgPendingCallbackE17Mini_Pitch_output  main.o
    0x20002562        -       0x00000002   Zero   RW          577    .bss._ZZ33HAL_CAN_RxFifo1MsgPendingCallbackE9BP_output  main.o
    0x20002564        -       0x00000004   Zero   RW          501    .bss._ZZ8BP_LogichE14BP_adjest_mang  main.o
    0x20002568        -       0x00000001   Zero   RW          556    .bss._ZZ8ZM_CheckvE10UD_ZM_Fire  main.o
    0x20002569   0x08014e4c   0x00000001   PAD
    0x2000256a        -       0x00000002   Zero   RW          560    .bss._ZZ8ZM_CheckvE21mouse_release_counter  main.o
    0x2000256c        -       0x00000001   Zero   RW          558    .bss._ZZ8ZM_CheckvE7UD_FIRE  main.o
    0x2000256d   0x08014e4c   0x00000001   PAD
    0x2000256e        -       0x00000002   Zero   RW          503    .bss._ZZ9BP_KD_TIMvE9Kadan_cnt  main.o
    0x20002570        -       0x00000002   Zero   RW          504    .bss._ZZ9BP_KD_TIMvE9kadan_tim  main.o
    0x20002572        -       0x00000002   Zero   RW          490    .bss._ZZ9MCL_LogicvE13Buf_MCL_Speed  main.o
    0x20002574        -       0x00000002   Zero   RW          489    .bss._ZZ9MCL_LogicvE14MCL_slow_speed  main.o
    0x20002576   0x08014e4c   0x00000002   PAD
    0x20002578        -       0x00000004   Zero   RW          491    .bss._ZZ9MCL_LogicvE18MCL_I16slow_incbuf  main.o
    0x2000257c        -       0x00000001   Zero   RW          494    .bss._ZZ9MCL_LogicvE4UD_C  main.o
    0x2000257d        -       0x00000001   Zero   RW          496    .bss._ZZ9MCL_LogicvE4UD_X  main.o
    0x2000257e        -       0x00000001   Zero   RW          492    .bss._ZZ9MCL_LogicvE6UD_MCL  main.o
    0x2000257f        -       0x00000001   Zero   RW          498    .bss._ZZ9MCL_LogicvE7UD_TURN  main.o
    0x20002580        -       0x00000001   Zero   RW          500    .bss._ZZ9MCL_LogicvE9now_state  main.o
    0x20002581        -       0x00000001   Zero   RW          519    .bss._ZZ9YAW_LogicvE8UD_SET_Y  main.o
    0x20002582        -       0x00000001   Zero   RW          517    .bss._ZZ9YAW_LogicvE9UD_SET2_Y  main.o
    0x20002583   0x08014e4c   0x00000001   PAD
    0x20002584        -       0x00000004   Zero   RW         2297    .bss._ZZN6BMI08815low_pass_filterEfE8out_last  rm_lib.o
    0x20002588        -       0x00000001   Zero   RW          476    .bss.aim_mode       main.o
    0x20002589        -       0x00000001   Zero   RW          381    .bss.boost_flag     main.o
    0x2000258a   0x08014e4c   0x00000002   PAD
    0x2000258c        -       0x00000004   Zero   RW         2397    .bss.bullet_speed_u  communication.o
    0x20002590        -       0x00000001   Zero   RW          387    .bss.can2_bjtx010   main.o
    0x20002591        -       0x00000001   Zero   RW          388    .bss.can2_bjtx011   main.o
    0x20002592        -       0x00000001   Zero   RW          389    .bss.can2bjtx013    main.o
    0x20002593        -       0x00000001   Zero   RW          390    .bss.can2bjtx014    main.o
    0x20002594        -       0x00000004   Zero   RW          460    .bss.cos_theta      main.o
    0x20002598        -       0x00000001   Zero   RW          461    .bss.deploy_flag    main.o
    0x20002599   0x08014e4c   0x00000003   PAD
    0x2000259c        -       0x00000004   Zero   RW          441    .bss.diaoshe_target_yaw  main.o
    0x200025a0        -       0x00000001   Zero   RW           71    .bss.filter_count_pitch  hipnuc_dec.o
    0x200025a1        -       0x00000001   Zero   RW           75    .bss.filter_count_roll  hipnuc_dec.o
    0x200025a2        -       0x00000001   Zero   RW           73    .bss.filter_count_yaw  hipnuc_dec.o
    0x200025a3   0x08014e4c   0x00000001   PAD
    0x200025a4        -       0x00000004   Zero   RW          478    .bss.gravity_comp   main.o
    0x200025a8        -       0x00000004   Zero   RW          480    .bss.gravity_comp_filtered  main.o
    0x200025ac        -       0x00000004   Zero   RW          479    .bss.gravity_compensation  main.o
    0x200025b0        -       0x00000028   Zero   RW          645    .bss.hcan1          can.o
    0x200025d8        -       0x00000028   Zero   RW          646    .bss.hcan2          can.o
    0x20002600        -       0x00000060   Zero   RW          713    .bss.hdma_tim3_ch3  tim.o
    0x20002660        -       0x00000060   Zero   RW          714    .bss.hdma_tim4_up   tim.o
    0x200026c0        -       0x00000060   Zero   RW          741    .bss.hdma_uart4_rx  usart.o
    0x20002720        -       0x00000060   Zero   RW          742    .bss.hdma_uart5_rx  usart.o
    0x20002780        -       0x00000060   Zero   RW          743    .bss.hdma_usart3_rx  usart.o
    0x200027e0        -       0x00000060   Zero   RW          744    .bss.hdma_usart3_tx  usart.o
    0x20002840        -       0x00000060   Zero   RW          745    .bss.hdma_usart6_rx  usart.o
    0x200028a0        -       0x00000001   Zero   RW          380    .bss.heat_flag      main.o
    0x200028a1   0x08014e4c   0x00000003   PAD
    0x200028a4        -       0x00000018   Zero   RW           66    .bss.hipnuc_anglespeed  hipnuc_dec.o
    0x200028bc        -       0x0000000c   Zero   RW           67    .bss.hipnuc_lastangle  hipnuc_dec.o
    0x200028c8        -       0x000003a4   Zero   RW           68    .bss.hipnuc_raw     hipnuc_dec.o
    0x20002c6c        -       0x00000058   Zero   RW          669    .bss.hspi1          spi.o
    0x20002cc4        -       0x00000048   Zero   RW          703    .bss.htim1          tim.o
    0x20002d0c        -       0x00000048   Zero   RW          711    .bss.htim11         tim.o
    0x20002d54        -       0x00000048   Zero   RW          712    .bss.htim12         tim.o
    0x20002d9c        -       0x00000048   Zero   RW          704    .bss.htim3          tim.o
    0x20002de4        -       0x00000048   Zero   RW          705    .bss.htim4          tim.o
    0x20002e2c        -       0x00000048   Zero   RW          706    .bss.htim5          tim.o
    0x20002e74        -       0x00000048   Zero   RW          707    .bss.htim6          tim.o
    0x20002ebc        -       0x00000048   Zero   RW          708    .bss.htim7          tim.o
    0x20002f04        -       0x00000048   Zero   RW          709    .bss.htim8          tim.o
    0x20002f4c        -       0x00000048   Zero   RW          710    .bss.htim9          tim.o
    0x20002f94        -       0x00000048   Zero   RW          738    .bss.huart1         usart.o
    0x20002fdc        -       0x00000048   Zero   RW          739    .bss.huart3         usart.o
    0x20003024        -       0x00000048   Zero   RW          736    .bss.huart4         usart.o
    0x2000306c        -       0x00000048   Zero   RW          737    .bss.huart5         usart.o
    0x200030b4        -       0x00000048   Zero   RW          740    .bss.huart6         usart.o
    0x200030fc        -       0x0000004c   Zero   RW           76    .bss.imu_data       hipnuc_dec.o
    0x20003148        -       0x00000200   Zero   RW           79    .bss.imu_dma_rxbuf  hipnuc_dec.o
    0x20003348        -       0x00000080   Zero   RW         2292    .bss.info_ubuf      rm_lib.o
    0x200033c8        -       0x00000001   Zero   RW          477    .bss.is_mouse_single_clicked  main.o
    0x200033c9        -       0x00000001   Zero   RW          383    .bss.jianshu_ctrl_flag  main.o
    0x200033ca        -       0x00000001   Zero   RW          304    .bss.js_cnt         main.o
    0x200033cb   0x08014e4c   0x00000001   PAD
    0x200033cc        -       0x00000004   Zero   RW           70    .bss.last_speed_pitch  hipnuc_dec.o
    0x200033d0        -       0x00000004   Zero   RW           74    .bss.last_speed_roll  hipnuc_dec.o
    0x200033d4        -       0x00000004   Zero   RW           72    .bss.last_speed_yaw  hipnuc_dec.o
    0x200033d8        -       0x0000012c   Zero   RW          374    .bss.led_mappings   main.o
    0x20003504        -       0x00000001   Zero   RW          309    .bss.m2006_cnt      main.o
    0x20003505   0x08014e4c   0x00000001   PAD
    0x20003506        -       0x00000002   Zero   RW          378    .bss.mine_flag      main.o
    0x20003508        -       0x00000004   Zero   RW          462    .bss.mini_pitch_deploy_offset  main.o
    0x2000350c        -       0x00000002   Zero   RW          475    .bss.mouse_press_counter  main.o
    0x2000350e        -       0x00000001   Zero   RW          474    .bss.mouse_press_type  main.o
    0x2000350f   0x08014e4c   0x00000001   PAD
    0x20003510        -       0x00000004   Zero   RW         2311    .bss.param_Ki       rm_lib.o
    0x20003514        -       0x00000001   Zero   RW          447    .bss.pitch_control_mode  main.o
    0x20003515   0x08014e4c   0x00000003   PAD
    0x20003518        -       0x00000020   Zero   RW         2392    .bss.request        communication.o
    0x20003538        -       0x0000000c   Zero   RW          373    .bss.rgb_debug_config  main.o
    0x20003544        -       0x00000001   Zero   RW          832    .bss.rxcnt_sum      stm32f4xx_it.o
    0x20003545        -       0x00000001   Zero   RW          482    .bss.servo_confirm_flag  main.o
    0x20003546        -       0x00000002   Zero   RW          483    .bss.servo_confirm_timer  main.o
    0x20003548        -       0x00000002   Zero   RW          484    .bss.servo_original_ccr  main.o
    0x2000354a        -       0x00000001   Zero   RW          382    .bss.shoot_once_flag  main.o
    0x2000354b   0x08014e4c   0x00000001   PAD
    0x2000354c        -       0x00000004   Zero   RW          459    .bss.sin_theta      main.o
    0x20003550        -       0x00000004   Zero   RW          414    .bss.targe_inc      main.o
    0x20003554        -       0x00000001   Zero   RW          481    .bss.telescope_ON   main.o
    0x20003555   0x08014e4c   0x00000003   PAD
    0x20003558        -       0x00000004   Zero   RW          457    .bss.theta_angle    main.o
    0x2000355c        -       0x00000004   Zero   RW          458    .bss.theta_rad      main.o
    0x20003560        -       0x00000001   Zero   RW          356    .bss.timeout_bopan  main.o
    0x20003561        -       0x00000001   Zero   RW          363    .bss.timeout_imu    main.o
    0x20003562        -       0x00000001   Zero   RW          359    .bss.timeout_mcl_l  main.o
    0x20003563        -       0x00000001   Zero   RW          361    .bss.timeout_mcl_ll  main.o
    0x20003564        -       0x00000001   Zero   RW          358    .bss.timeout_mcl_r  main.o
    0x20003565        -       0x00000001   Zero   RW          360    .bss.timeout_mcl_rr  main.o
    0x20003566        -       0x00000001   Zero   RW          357    .bss.timeout_mcl_up  main.o
    0x20003567        -       0x00000001   Zero   RW          362    .bss.timeout_mcl_upup  main.o
    0x20003568        -       0x00000001   Zero   RW          364    .bss.timeout_mini_pitch  main.o
    0x20003569        -       0x00000001   Zero   RW          354    .bss.timeout_pitch  main.o
    0x2000356a        -       0x00000001   Zero   RW          355    .bss.timeout_yaw    main.o
    0x2000356b        -       0x00000001   Zero   RW          377    .bss.turn_flag      main.o
    0x2000356c        -       0x00000001   Zero   RW          831    .bss.u6_tx_cnt      stm32f4xx_it.o
    0x2000356d   0x08014e4c   0x00000003   PAD
    0x20003570        -       0x00000004   Zero   RW         1352    .bss.uwTick         stm32f4xx_hal.o
    0x20003574        -       0x00000004   Zero   RW          454    .bss.vision_distance  main.o
    0x20003578        -       0x00000001   Zero   RW          443    .bss.yaw_0_flag     main.o
    0x20003579        -       0x00000001   Zero   RW          429    .bss.yaw_control_mode  main.o
    0x2000357a        -       0x00000001   Zero   RW          307    .bss.zm_press1      main.o
    0x2000357b        -       0x00000001   Zero   RW          308    .bss.zm_press2      main.o
    0x2000357c   0x08014e4c   0x00000004   PAD
    0x20003580        -       0x00000200   Zero   RW            2    HEAP                startup_stm32f405xx.o
    0x20003780        -       0x00000400   Zero   RW            1    STACK               startup_stm32f405xx.o


    Execution Region RW_IRAM2 (Exec base: 0x2001c000, Load base: 0x08014e50, Size: 0x00000000, Max: 0x00004000, ABSOLUTE)

    **** No section assigned to this execution region ****


==============================================================================

Image component sizes


      Code (inc. data)   RO Data    RW Data    ZI Data      Debug   Object Name

       550          0          0          0         84       6406   can.o
       376          0        516          0        360      22694   communication.o
       204          0          0          0          0       3311   dma.o
       310          0          0          0          0       2224   gpio.o
      3852         40          0         16       1574      13348   hipnuc_dec.o
     22570        464         96         48       7296      76665   main.o
        58          0          4          0         16      27052   my_math.o
      1476          4          4          0        156      21687   rgb_debug.o
     10630         44        118          6        164      78476   rm_lib.o
       220          0          0          0         88       4907   spi.o
        64         26        392          0       1536        872   startup_stm32f405xx.o
       270          0          0          5          4       7087   stm32f4xx_hal.o
      3276          0          0          0          0      11576   stm32f4xx_hal_can.o
       482          0          0          0          0       9698   stm32f4xx_hal_cortex.o
      2068          8          8          0          0       8528   stm32f4xx_hal_dma.o
       996          0          0          0          0       5124   stm32f4xx_hal_gpio.o
        74          0          0          0          0       1506   stm32f4xx_hal_msp.o
      2646          0          0          0          0       7628   stm32f4xx_hal_rcc.o
      3182          0          0          0          0      19488   stm32f4xx_hal_spi.o
      5378         28          0          0          0      36049   stm32f4xx_hal_tim.o
       484          0          0          0          0      15364   stm32f4xx_hal_tim_ex.o
      4998          0          0          0          0      20459   stm32f4xx_hal_uart.o
      1558          0        772          0       1934      25882   stm32f4xx_it.o
        18          0         24          4          0       2535   system_stm32f4xx.o
      2664          0          0          0        912      11361   tim.o
      1576          0          0          0        840       8493   usart.o

    ----------------------------------------------------------------------
     70270        614       1966         92      15044     448420   Object Totals
         0          0         32          0          0          0   (incl. Generated)
       290          0          0         13         80          0   (incl. Padding)

    ----------------------------------------------------------------------

      Code (inc. data)   RO Data    RW Data    ZI Data      Debug   Library Member Name

         8          0          0          0          0         68   __main.o
       392          4         17          0          0         92   __printf_flags_ss_wp.o
        14          0          0          0          0         68   __printf_wp.o
         0          0          0          0          0          0   __rtentry.o
        12          0          0          0          0          0   __rtentry2.o
         6          0          0          0          0          0   __rtentry4.o
        94          8          0          0          0          0   __scatter.o
        26          0          0          0          0          0   __scatter_copy.o
        28          0          0          0          0          0   __scatter_zi.o
        72          0          0          0          0         96   _c16rtomb.o
         6          0          0          0          0          0   _printf_a.o
         6          0          0          0          0          0   _printf_c.o
        44          0          0          0          0        108   _printf_char.o
        48          6          0          0          0         96   _printf_char_common.o
        40          0          0          0          0         68   _printf_charcount.o
         6          0          0          0          0          0   _printf_d.o
       120         16          0          0          0         92   _printf_dec.o
         6          0          0          0          0          0   _printf_e.o
         6          0          0          0          0          0   _printf_f.o
      1052          0          0          0          0        148   _printf_fp_dec.o
       764          8         38          0          0        100   _printf_fp_hex.o
       128         16          0          0          0         84   _printf_fp_infnan.o
         6          0          0          0          0          0   _printf_g.o
       148          4         40          0          0        160   _printf_hex_int_ll_ptr.o
         6          0          0          0          0          0   _printf_i.o
       178          0          0          0          0         88   _printf_intcommon.o
        10          0          0          0          0          0   _printf_l.o
         6          0          0          0          0          0   _printf_lc.o
        10          0          0          0          0          0   _printf_ll.o
         6          0          0          0          0          0   _printf_lld.o
         6          0          0          0          0          0   _printf_lli.o
         6          0          0          0          0          0   _printf_llo.o
         6          0          0          0          0          0   _printf_llu.o
         6          0          0          0          0          0   _printf_llx.o
       124         16          0          0          0         92   _printf_longlong_dec.o
         6          0          0          0          0          0   _printf_ls.o
         6          0          0          0          0          0   _printf_n.o
         6          0          0          0          0          0   _printf_o.o
       112          8          0          0          0        124   _printf_oct_int_ll.o
         6          0          0          0          0          0   _printf_p.o
        78          0          0          0          0        108   _printf_pad.o
         0          0          0          0          0          0   _printf_percent.o
         4          0          0          0          0          0   _printf_percent_end.o
         6          0          0          0          0          0   _printf_s.o
        82          0          0          0          0         80   _printf_str.o
        36          0          0          0          0         84   _printf_truncate.o
         6          0          0          0          0          0   _printf_u.o
        44          0          0          0          0        108   _printf_wchar.o
       188          6          8          0          0         92   _printf_wctomb.o
         6          0          0          0          0          0   _printf_x.o
        22          0          0          0          0        100   _rserrno.o
        10          0          0          0          0         68   _sputc.o
        22          0          0          0          0         80   abort.o
       228          4        148          0          0         96   bigflt0.o
      1936        128          0          0          0        668   btod.o
        48         34          0          0          0         76   defsig_abrt_inner.o
        14          0          0          0          0         80   defsig_abrt_outer.o
        10          0          0          0          0         68   defsig_exit.o
        50          0          0          0          0         88   defsig_general.o
        18          0          0          0          0         80   exit.o
         6          0          0          0          0        152   heapauxi.o
         0          0          0          0          0          0   indicate_semi.o
        44          8          0          0          0         80   init_aeabi.o
        44         10        272          0          0         76   lc_ctype_c.o
        44         10         28          0          0         76   lc_numeric_c.o
         2          0          0          0          0          0   libinit.o
        38          0          0          0          0          0   libinit2.o
         2          0          0          0          0          0   libshutdown.o
         2          0          0          0          0          0   libshutdown2.o
         8          4          0          0         96         68   libspace.o
       138          0          0          0          0         80   lludiv10.o
       240          0          0          0          0        100   lludivv7m.o
        16          4          0          0          0         76   rt_ctype_table.o
         8          4          0          0          0         68   rt_errno_addr_intlibspace.o
         8          4          0          0          0         68   rt_locale_intlibspace.o
        68          0          0          0          0         68   rt_memclr.o
        78          0          0          0          0         80   rt_memclr_w.o
       138          0          0          0          0         68   rt_memcpy_v6.o
       100          0          0          0          0         80   rt_memcpy_w.o
         2          0          0          0          0          0   rtexit.o
        10          0          0          0          0          0   rtexit2.o
        44          6          0          0          0         84   sprintf.o
       124          0          0          0          0         88   strcmpv7em.o
        12          4          0          0          0         68   sys_exit.o
        74          0          0          0          0         80   sys_stackheap_outer.o
        14          0          0          0          0         76   sys_wrch.o
         2          0          0          0          0         68   use_no_semi.o
        98          4          0          0          0        140   d2f.o
       812         16          0          0          0        392   daddsub_clz.o
        84          0          0          0          0        244   dcmp.o
        24          0          0          0          0        116   dcmpi.o
       120          4          0          0          0        140   deqf.o
       120          4          0          0          0        140   dgeqf.o
       120          4          0          0          0        140   dleqf.o
       340         12          0          0          0        152   dmul.o
       156          4          0          0          0        140   dnaninf.o
        12          0          0          0          0        116   dretinf.o
        86          4          0          0          0        132   f2d.o
       140          4          0          0          0        132   fnaninf.o
        26          0          0          0          0        116   fpinit.o
       244          8          0          0          0        132   frem_clz.o
        10          0          0          0          0        116   fretinf.o
         4          0          0          0          0        116   printf1.o
         4          0          0          0          0        116   printf2.o
         0          0          0          0          0          0   usenofp.o
         4          0          0          0          0         36   abort_message.cpp.o
        52          0        147          0          0         76   cxa_guard.cpp.o
       300         42          0          0          0        176   asinf.o
       684         90          0          0          0        208   atan2f.o
       336         56          0          0          0        136   cosf.o
       176          0          0          0          0        168   fmodf.o
        48          0          0          0          0        124   fpclassify.o
        38          0          0          0          0        116   fpclassifyf.o
        44         12          0          0          0        464   funder.o
       340         24         32          0          0        160   rredf.o
       400         56          0          0          0        212   sinf.o
        62          0          0          0          0        136   sqrtf.o

    ----------------------------------------------------------------------
     12514        656        738          0         96       9556   Library Totals
        24          0          8          0          0          0   (incl. Padding)

    ----------------------------------------------------------------------

      Code (inc. data)   RO Data    RW Data    ZI Data      Debug   Library Name

      7606        312        551          0         96       4964   c_w.l
      2400         64          0          0          0       2580   fz_wm.l
        56          0        147          0          0        112   libcppabi_w.l
      2428        280         32          0          0       1900   m_wm.l

    ----------------------------------------------------------------------
     12514        656        738          0         96       9556   Library Totals

    ----------------------------------------------------------------------

==============================================================================


      Code (inc. data)   RO Data    RW Data    ZI Data      Debug   

     82784       1270       2704         92      15140     451868   Grand Totals
     82784       1270       2704         92      15140     451868   ELF Image Totals
     82784       1270       2704         92          0          0   ROM Totals

==============================================================================

    Total RO  Size (Code + RO Data)                85488 (  83.48kB)
    Total RW  Size (RW Data + ZI Data)             15232 (  14.88kB)
    Total ROM Size (Code + RO Data + RW Data)      85580 (  83.57kB)

==============================================================================

